Component: ARM Compiler 5.05 update 1 (build 106) Tool: armlink [4d0efa]

==============================================================================

Section Cross References

    main.o(.text) refers to _printf_percent.o(.ARM.Collect$$_printf_percent$$00000000) for _printf_percent
    main.o(.text) refers to _printf_d.o(.ARM.Collect$$_printf_percent$$00000009) for _printf_d
    main.o(.text) refers to _printf_dec.o(.text) for _printf_int_dec
    main.o(.text) refers to lcd.o(.text) for LCD_ShowNum
    main.o(.text) refers to stm32f10x_gpio.o(.text) for GPIO_ReadInputDataBit
    main.o(.text) refers to delay.o(.text) for delay_ms
    main.o(.text) refers to tsensor.o(.text) for Get_Temprate
    main.o(.text) refers to misc.o(.text) for NVIC_PriorityGroupConfig
    main.o(.text) refers to usart.o(.text) for uart_init
    main.o(.text) refers to led.o(.text) for LED_Init
    main.o(.text) refers to key.o(.text) for KEY_Init
    main.o(.text) refers to rtc.o(.text) for RTC_Init
    main.o(.text) refers to exti.o(.text) for EXTIX_Init
    main.o(.text) refers to timer.o(.text) for TIM4_Int_Init
    main.o(.text) refers to rtc.o(.bss) for calendar
    main.o(.text) refers to main.o(.data) for Flag
    main.o(.text) refers to lcd.o(.data) for POINT_COLOR
    main.o(.text) refers to noretval__2printf.o(.text) for __2printf
    main.o(.text) refers to stm32f10x_tim.o(.text) for TIM_Cmd
    system_stm32f10x.o(.text) refers to system_stm32f10x.o(.data) for SystemCoreClock
    led.o(.text) refers to stm32f10x_rcc.o(.text) for RCC_APB2PeriphClockCmd
    led.o(.text) refers to stm32f10x_gpio.o(.text) for GPIO_Init
    key.o(.text) refers to stm32f10x_rcc.o(.text) for RCC_APB2PeriphClockCmd
    key.o(.text) refers to stm32f10x_gpio.o(.text) for GPIO_Init
    key.o(.text) refers to delay.o(.text) for delay_ms
    key.o(.text) refers to key.o(.data) for key_up
    lcd.o(.text) refers to delay.o(.text) for delay_us
    lcd.o(.text) refers to lcd.o(.bss) for lcddev
    lcd.o(.text) refers to lcd.o(.data) for POINT_COLOR
    lcd.o(.text) refers to dflt_clz.o(x$fpl$dfltu) for __aeabi_ui2d
    lcd.o(.text) refers to dmul.o(x$fpl$dmul) for __aeabi_dmul
    lcd.o(.text) refers to dfixu.o(x$fpl$dfixu) for __aeabi_d2uiz
    lcd.o(.text) refers to stm32f10x_rcc.o(.text) for RCC_AHBPeriphClockCmd
    lcd.o(.text) refers to stm32f10x_gpio.o(.text) for GPIO_Init
    lcd.o(.text) refers to stm32f10x_fsmc.o(.text) for FSMC_NORSRAMInit
    lcd.o(.text) refers to lcd.o(.constdata) for asc2_1206
    rtc.o(.text) refers to _printf_percent.o(.ARM.Collect$$_printf_percent$$00000000) for _printf_percent
    rtc.o(.text) refers to _printf_d.o(.ARM.Collect$$_printf_percent$$00000009) for _printf_d
    rtc.o(.text) refers to _printf_dec.o(.text) for _printf_int_dec
    rtc.o(.text) refers to misc.o(.text) for NVIC_Init
    rtc.o(.text) refers to stm32f10x_rtc.o(.text) for RTC_GetCounter
    rtc.o(.text) refers to stm32f10x_rcc.o(.text) for RCC_APB1PeriphClockCmd
    rtc.o(.text) refers to stm32f10x_pwr.o(.text) for PWR_BackupAccessCmd
    rtc.o(.text) refers to stm32f10x_bkp.o(.text) for BKP_ReadBackupRegister
    rtc.o(.text) refers to delay.o(.text) for delay_ms
    rtc.o(.text) refers to noretval__2printf.o(.text) for __2printf
    rtc.o(.text) refers to rtc.o(.constdata) for table_week
    rtc.o(.text) refers to rtc.o(.data) for daycnt
    rtc.o(.text) refers to rtc.o(.bss) for calendar
    exti.o(.text) refers to misc.o(.text) for NVIC_Init
    exti.o(.text) refers to stm32f10x_rcc.o(.text) for RCC_APB2PeriphClockCmd
    exti.o(.text) refers to stm32f10x_gpio.o(.text) for GPIO_EXTILineConfig
    exti.o(.text) refers to stm32f10x_exti.o(.text) for EXTI_Init
    exti.o(.text) refers to stm32f10x_tim.o(.text) for TIM_Cmd
    exti.o(.text) refers to exti.o(.data) for FLAG_1
    timer.o(.text) refers to stm32f10x_rcc.o(.text) for RCC_APB1PeriphClockCmd
    timer.o(.text) refers to stm32f10x_tim.o(.text) for TIM_TimeBaseInit
    timer.o(.text) refers to misc.o(.text) for NVIC_Init
    timer.o(.text) refers to noretval__2printf.o(.text) for __2printf
    timer.o(.text) refers to exti.o(.data) for FLAG_1
    timer.o(.text) refers to timer.o(.data) for cnt
    timer.o(.text) refers to main.o(.data) for Flag_timer
    adc.o(.text) refers to stm32f10x_rcc.o(.text) for RCC_APB2PeriphClockCmd
    adc.o(.text) refers to stm32f10x_gpio.o(.text) for GPIO_Init
    adc.o(.text) refers to stm32f10x_adc.o(.text) for ADC_DeInit
    adc.o(.text) refers to delay.o(.text) for delay_ms
    tsensor.o(.text) refers to stm32f10x_rcc.o(.text) for RCC_APB2PeriphClockCmd
    tsensor.o(.text) refers to stm32f10x_adc.o(.text) for ADC_DeInit
    tsensor.o(.text) refers to delay.o(.text) for delay_ms
    tsensor.o(.text) refers to fflt_clz.o(x$fpl$ffltu) for __aeabi_ui2f
    tsensor.o(.text) refers to f2d.o(x$fpl$f2d) for __aeabi_f2d
    tsensor.o(.text) refers to dmul.o(x$fpl$dmul) for __aeabi_dmul
    tsensor.o(.text) refers to daddsub_clz.o(x$fpl$dsub) for __aeabi_dsub
[...]
    ../fplib/ddiv.s                          0x00000000   Number         0  ddiv.o ABSOLUTE
    ../fplib/dfix.s                          0x00000000   Number         0  dfix.o ABSOLUTE
    ../fplib/dfixu.s                         0x00000000   Number         0  dfixu.o ABSOLUTE
    ../fplib/dflt.s                          0x00000000   Number         0  dflt_clz.o ABSOLUTE
    ../fplib/dmul.s                          0x00000000   Number         0  dmul.o ABSOLUTE
    ../fplib/dnaninf.s                       0x00000000   Number         0  dnaninf.o ABSOLUTE
    ../fplib/dretinf.s                       0x00000000   Number         0  dretinf.o ABSOLUTE
    ../fplib/f2d.s                           0x00000000   Number         0  f2d.o ABSOLUTE
    ../fplib/fflt.s                          0x00000000   Number         0  fflt_clz.o ABSOLUTE
    ../fplib/fnaninf.s                       0x00000000   Number         0  fnaninf.o ABSOLUTE
    ../fplib/fpinit.s                        0x00000000   Number         0  fpinit.o ABSOLUTE
    ../fplib/usenofp.s                       0x00000000   Number         0  usenofp.o ABSOLUTE
    ..\CORE\core_cm3.c                       0x00000000   Number         0  core_cm3.o ABSOLUTE
    ..\CORE\startup_stm32f10x_hd.s           0x00000000   Number         0  startup_stm32f10x_hd.o ABSOLUTE
    ..\HARDWARE\ADC\adc.c                    0x00000000   Number         0  adc.o ABSOLUTE
    ..\HARDWARE\DS18B20\ds18b20.c            0x00000000   Number         0  ds18b20.o ABSOLUTE
    ..\HARDWARE\EXTI\exti.c                  0x00000000   Number         0  exti.o ABSOLUTE
    ..\HARDWARE\ITEMP\tsensor.c              0x00000000   Number         0  tsensor.o ABSOLUTE
    ..\HARDWARE\KEY\key.c                    0x00000000   Number         0  key.o ABSOLUTE
    ..\HARDWARE\LCD\lcd.c                    0x00000000   Number         0  lcd.o ABSOLUTE
    ..\HARDWARE\LED\led.c                    0x00000000   Number         0  led.o ABSOLUTE
    ..\HARDWARE\RTC\rtc.c                    0x00000000   Number         0  rtc.o ABSOLUTE
    ..\HARDWARE\TIMER\timer.c                0x00000000   Number         0  timer.o ABSOLUTE
    ..\STM32F10x_FWLib\src\misc.c            0x00000000   Number         0  misc.o ABSOLUTE
    ..\STM32F10x_FWLib\src\stm32f10x_adc.c   0x00000000   Number         0  stm32f10x_adc.o ABSOLUTE
    ..\STM32F10x_FWLib\src\stm32f10x_bkp.c   0x00000000   Number         0  stm32f10x_bkp.o ABSOLUTE
    ..\STM32F10x_FWLib\src\stm32f10x_exti.c  0x00000000   Number         0  stm32f10x_exti.o ABSOLUTE
    ..\STM32F10x_FWLib\src\stm32f10x_fsmc.c  0x00000000   Number         0  stm32f10x_fsmc.o ABSOLUTE
    ..\STM32F10x_FWLib\src\stm32f10x_gpio.c  0x00000000   Number         0  stm32f10x_gpio.o ABSOLUTE
    ..\STM32F10x_FWLib\src\stm32f10x_pwr.c   0x00000000   Number         0  stm32f10x_pwr.o ABSOLUTE
    ..\STM32F10x_FWLib\src\stm32f10x_rcc.c   0x00000000   Number         0  stm32f10x_rcc.o ABSOLUTE
    ..\STM32F10x_FWLib\src\stm32f10x_rtc.c   0x00000000   Number         0  stm32f10x_rtc.o ABSOLUTE
    ..\STM32F10x_FWLib\src\stm32f10x_tim.c   0x00000000   Number         0  stm32f10x_tim.o ABSOLUTE
    ..\STM32F10x_FWLib\src\stm32f10x_usart.c 0x00000000   Number         0  stm32f10x_usart.o ABSOLUTE
    ..\SYSTEM\delay\delay.c                  0x00000000   Number         0  delay.o ABSOLUTE
    ..\SYSTEM\sys\sys.c                      0x00000000   Number         0  sys.o ABSOLUTE
    ..\SYSTEM\usart\usart.c                  0x00000000   Number         0  usart.o ABSOLUTE
    ..\\CORE\\core_cm3.c                     0x00000000   Number         0  core_cm3.o ABSOLUTE
    ..\\SYSTEM\\sys\\sys.c                   0x00000000   Number         0  sys.o ABSOLUTE
    dc.s                                     0x00000000   Number         0  dc.o ABSOLUTE
    main.c                                   0x00000000   Number         0  main.o ABSOLUTE
    stm32f10x_it.c                           0x00000000   Number         0  stm32f10x_it.o ABSOLUTE
    system_stm32f10x.c                       0x00000000   Number         0  system_stm32f10x.o ABSOLUTE
    RESET                                    0x08000000   Section      304  startup_stm32f10x_hd.o(RESET)
    !!!main                                  0x08000130   Section        8  __main.o(!!!main)
    !!!scatter                               0x08000138   Section       52  __scatter.o(!!!scatter)
    !!handler_copy                           0x0800016c   Section       26  __scatter_copy.o(!!handler_copy)
    !!handler_zi                             0x08000188   Section       28  __scatter_zi.o(!!handler_zi)
    .ARM.Collect$$_printf_percent$$00000000  0x080001a4   Section        0  _printf_percent.o(.ARM.Collect$$_printf_percent$$00000000)
    .ARM.Collect$$_printf_percent$$00000009  0x080001a4   Section        6  _printf_d.o(.ARM.Collect$$_printf_percent$$00000009)
    .ARM.Collect$$_printf_percent$$00000017  0x080001aa   Section        4  _printf_percent_end.o(.ARM.Collect$$_printf_percent$$00000017)
    .ARM.Collect$$libinit$$00000000          0x080001ae   Section        2  libinit.o(.ARM.Collect$$libinit$$00000000)
    .ARM.Collect$$libinit$$00000002          0x080001b0   Section        0  libinit2.o(.ARM.Collect$$libinit$$00000002)
    .ARM.Collect$$libinit$$00000004          0x080001b0   Section        0  libinit2.o(.ARM.Collect$$libinit$$00000004)
    .ARM.Collect$$libinit$$0000000A          0x080001b0   Section        0  libinit2.o(.ARM.Collect$$libinit$$0000000A)
    .ARM.Collect$$libinit$$0000000C          0x080001b0   Section        0  libinit2.o(.ARM.Collect$$libinit$$0000000C)
    .ARM.Collect$$libinit$$0000000E          0x080001b0   Section        0  libinit2.o(.ARM.Collect$$libinit$$0000000E)
    .ARM.Collect$$libinit$$00000011          0x080001b0   Section        0  libinit2.o(.ARM.Collect$$libinit$$00000011)
    .ARM.Collect$$libinit$$00000013          0x080001b0   Section        0  libinit2.o(.ARM.Collect$$libinit$$00000013)
    .ARM.Collect$$libinit$$00000015          0x080001b0   Section        0  libinit2.o(.ARM.Collect$$libinit$$00000015)
    .ARM.Collect$$libinit$$00000017          0x080001b0   Section        0  libinit2.o(.ARM.Collect$$libinit$$00000017)
    .ARM.Collect$$libinit$$00000019          0x080001b0   Section        0  libinit2.o(.ARM.Collect$$libinit$$00000019)
    .ARM.Collect$$libinit$$0000001B          0x080001b0   Section        0  libinit2.o(.ARM.Collect$$libinit$$0000001B)
    .ARM.Collect$$libinit$$0000001D          0x080001b0   Section        0  libinit2.o(.ARM.Collect$$libinit$$0000001D)
    .ARM.Collect$$libinit$$0000001F          0x080001b0   Section        0  libinit2.o(.ARM.Collect$$libinit$$0000001F)
    .ARM.Collect$$libinit$$00000021          0x080001b0   Section        0  libinit2.o(.ARM.Collect$$libinit$$00000021)
    .ARM.Collect$$libinit$$00000023          0x080001b0   Section        0  libinit2.o(.ARM.Collect$$libinit$$00000023)
    .ARM.Collect$$libinit$$00000025          0x080001b0   Section        0  libinit2.o(.ARM.Collect$$libinit$$00000025)
    .ARM.Collect$$libinit$$0000002C          0x080001b0   Section        0  libinit2.o(.ARM.Collect$$libinit$$0000002C)
    .ARM.Collect$$libinit$$0000002E          0x080001b0   Section        0  libinit2.o(.ARM.Collect$$libinit$$0000002E)
    .ARM.Collect$$libinit$$00000030          0x080001b0   Section        0  libinit2.o(.ARM.Collect$$libinit$$00000030)
    .ARM.Collect$$libinit$$00000032          0x080001b0   Section        0  libinit2.o(.ARM.Collect$$libinit$$00000032)
    .ARM.Collect$$libinit$$00000033          0x080001b0   Section        2  libinit2.o(.ARM.Collect$$libinit$$00000033)
    .ARM.Collect$$libshutdown$$00000000      0x080001b2   Section        2  libshutdown.o(.ARM.Collect$$libshutdown$$00000000)
    .ARM.Collect$$libshutdown$$00000003      0x080001b4   Section        0  libshutdown2.o(.ARM.Collect$$libshutdown$$00000003)
    .ARM.Collect$$libshutdown$$00000006      0x080001b4   Section        0  libshutdown2.o(.ARM.Collect$$libshutdown$$00000006)
    .ARM.Collect$$libshutdown$$00000009      0x080001b4   Section        0  libshutdown2.o(.ARM.Collect$$libshutdown$$00000009)
    .ARM.Collect$$libshutdown$$0000000B      0x080001b4   Section        0  libshutdown2.o(.ARM.Collect$$libshutdown$$0000000B)
    .ARM.Collect$$libshutdown$$0000000E      0x080001b4   Section        0  libshutdown2.o(.ARM.Collect$$libshutdown$$0000000E)
    .ARM.Collect$$libshutdown$$0000000F      0x080001b4   Section        2  libshutdown2.o(.ARM.Collect$$libshutdown$$0000000F)
    .ARM.Collect$$rtentry$$00000000          0x080001b6   Section        0  __rtentry.o(.ARM.Collect$$rtentry$$00000000)
    .ARM.Collect$$rtentry$$00000002          0x080001b6   Section        0  __rtentry2.o(.ARM.Collect$$rtentry$$00000002)
    .ARM.Collect$$rtentry$$00000004          0x080001b6   Section        6  __rtentry4.o(.ARM.Collect$$rtentry$$00000004)
    .ARM.Collect$$rtentry$$00000009          0x080001bc   Section        0  __rtentry2.o(.ARM.Collect$$rtentry$$00000009)
    .ARM.Collect$$rtentry$$0000000A          0x080001bc   Section        4  __rtentry2.o(.ARM.Collect$$rtentry$$0000000A)
    .ARM.Collect$$rtentry$$0000000C          0x080001c0   Section        0  __rtentry2.o(.ARM.Collect$$rtentry$$0000000C)
    .ARM.Collect$$rtentry$$0000000D          0x080001c0   Section        8  __rtentry2.o(.ARM.Collect$$rtentry$$0000000D)
    .ARM.Collect$$rtexit$$00000000           0x080001c8   Section        2  rtexit.o(.ARM.Collect$$rtexit$$00000000)
    .ARM.Collect$$rtexit$$00000002           0x080001ca   Section        0  rtexit2.o(.ARM.Collect$$rtexit$$00000002)
    .ARM.Collect$$rtexit$$00000003           0x080001ca   Section        4  rtexit2.o(.ARM.Collect$$rtexit$$00000003)
    .ARM.Collect$$rtexit$$00000004           0x080001ce   Section        6  rtexit2.o(.ARM.Collect$$rtexit$$00000004)
    .text                                    0x080001d4   Section        0  main.o(.text)
    .text                                    0x08000954   Section        0  stm32f10x_it.o(.text)
    .text                                    0x08000970   Section        0  system_stm32f10x.o(.text)
    SetSysClockTo72                          0x08000971   Thumb Code   214  system_stm32f10x.o(.text)
    SetSysClock                              0x08000a47   Thumb Code     8  system_stm32f10x.o(.text)
    .text                                    0x08000b50   Section        0  led.o(.text)
    .text                                    0x08000cd4   Section        0  key.o(.text)
    .text                                    0x08000dd0   Section        0  lcd.o(.text)
    .text                                    0x08005810   Section        0  rtc.o(.text)
    RTC_NVIC_Config                          0x08005811   Thumb Code    32  rtc.o(.text)
    .text                                    0x08005c88   Section        0  exti.o(.text)
    .text                                    0x08005db0   Section        0  timer.o(.text)
    .text                                    0x08006058   Section        0  tsensor.o(.text)
    .text                                    0x080061e0   Section        0  delay.o(.text)
    .text                                    0x080062b4   Section        0  usart.o(.text)
    .text                                    0x080063f4   Section       64  startup_stm32f10x_hd.o(.text)
    .text                                    0x08006434   Section        0  misc.o(.text)
    .text                                    0x08006510   Section        0  stm32f10x_bkp.o(.text)
    .text                                    0x080065d4   Section        0  stm32f10x_fsmc.o(.text)
    .text                                    0x08006be0   Section        0  stm32f10x_gpio.o(.text)
    .text                                    0x08006f3c   Section        0  stm32f10x_pwr.o(.text)
    .text                                    0x08007008   Section        0  stm32f10x_rcc.o(.text)
    .text                                    0x080073ac   Section        0  stm32f10x_usart.o(.text)
    .text                                    0x080077b4   Section        0  stm32f10x_rtc.o(.text)
    .text                                    0x080078fc   Section        0  stm32f10x_tim.o(.text)
    TI4_Config                               0x08007da3   Thumb Code   130  stm32f10x_tim.o(.text)
    TI3_Config                               0x08007e37   Thumb Code   122  stm32f10x_tim.o(.text)
    TI2_Config                               0x08007ecb   Thumb Code   130  stm32f10x_tim.o(.text)
    TI1_Config                               0x08007f5f   Thumb Code   108  stm32f10x_tim.o(.text)
    .text                                    0x08008718   Section        0  stm32f10x_exti.o(.text)
    .text                                    0x08008834   Section        0  stm32f10x_adc.o(.text)
    .text                                    0x08008c82   Section        2  use_no_semi_2.o(.text)
    .text                                    0x08008c84   Section        0  noretval__2printf.o(.text)
    .text                                    0x08008c9c   Section        0  __printf.o(.text)
    .text                                    0x08008d04   Section        0  _printf_dec.o(.text)
    .text                                    0x08008d7c   Section        0  heapauxi.o(.text)
    .text                                    0x08008d82   Section        2  use_no_semi.o(.text)
    .text                                    0x08008d84   Section        0  _printf_intcommon.o(.text)
    .text                                    0x08008e38   Section        0  _printf_char_file.o(.text)
    .text                                    0x08008e5c   Section        0  _printf_char_common.o(.text)
    _printf_input_char                       0x08008e5d   Thumb Code    10  _printf_char_common.o(.text)
    .text                                    0x08008e8c   Section        0  ferror.o(.text)
    .text                                    0x08008e94   Section       74  sys_stackheap_outer.o(.text)
    .text                                    0x08008ede   Section        0  exit.o(.text)
    .text                                    0x08008eec   Section        8  libspace.o(.text)
    x$fpl$dadd                               0x08008ef4   Section      336  daddsub_clz.o(x$fpl$dadd)
    _dadd1                                   0x08008f05   Thumb Code     0  daddsub_clz.o(x$fpl$dadd)
    x$fpl$ddiv                               0x08009044   Section      688  ddiv.o(x$fpl$ddiv)
    ddiv_entry                               0x0800904b   Thumb Code     0  ddiv.o(x$fpl$ddiv)
    x$fpl$dfix                               0x080092f4   Section       94  dfix.o(x$fpl$dfix)
    x$fpl$dfixu                              0x08009354   Section       90  dfixu.o(x$fpl$dfixu)
    x$fpl$dfltu                              0x080093ae   Section       38  dflt_clz.o(x$fpl$dfltu)
    x$fpl$dmul                               0x080093d4   Section      340  dmul.o(x$fpl$dmul)
    x$fpl$dnaninf                            0x08009528   Section      156  dnaninf.o(x$fpl$dnaninf)
    x$fpl$dretinf                            0x080095c4   Section       12  dretinf.o(x$fpl$dretinf)
    x$fpl$dsub                               0x080095d0   Section      468  daddsub_clz.o(x$fpl$dsub)
    _dsub1                                   0x080095e1   Thumb Code     0  daddsub_clz.o(x$fpl$dsub)
    x$fpl$f2d                                0x080097a4   Section       86  f2d.o(x$fpl$f2d)
    x$fpl$ffltu                              0x080097fc   Section       38  fflt_clz.o(x$fpl$ffltu)
    x$fpl$fnaninf                            0x08009822   Section      140  fnaninf.o(x$fpl$fnaninf)
    .constdata                               0x080098ae   Section     6080  lcd.o(.constdata)
    x$fpl$usenofp                            0x080098ae   Section        0  usenofp.o(x$fpl$usenofp)
    .constdata                               0x0800b06e   Section       24  rtc.o(.constdata)
    .data                                    0x20000000   Section       21  main.o(.data)
    .data                                    0x20000018   Section       20  system_stm32f10x.o(.data)
    .data                                    0x2000002c   Section        1  key.o(.data)
    key_up                                   0x2000002c   Data           1  key.o(.data)
    .data                                    0x2000002e   Section        4  lcd.o(.data)
    .data                                    0x20000032   Section        2  rtc.o(.data)
    daycnt                                   0x20000032   Data           2  rtc.o(.data)
    .data                                    0x20000034   Section        2  exti.o(.data)
    .data                                    0x20000036   Section        1  timer.o(.data)
    cnt                                      0x20000036   Data           1  timer.o(.data)
    .data                                    0x20000038   Section        4  delay.o(.data)
    fac_us                                   0x20000038   Data           1  delay.o(.data)
    fac_ms                                   0x2000003a   Data           2  delay.o(.data)
    .data                                    0x2000003c   Section        6  usart.o(.data)
    .data                                    0x20000042   Section       20  stm32f10x_rcc.o(.data)
    APBAHBPrescTable                         0x20000042   Data          16  stm32f10x_rcc.o(.data)
    ADCPrescTable                            0x20000052   Data           4  stm32f10x_rcc.o(.data)
    .bss                                     0x20000058   Section       14  lcd.o(.bss)
    .bss                                     0x20000066   Section       10  rtc.o(.bss)
    .bss                                     0x20000070   Section      200  usart.o(.bss)
    .bss                                     0x20000138   Section       96  libspace.o(.bss)
    HEAP                                     0x20000198   Section      512  startup_stm32f10x_hd.o(HEAP)
    Heap_Mem                                 0x20000198   Data         512  startup_stm32f10x_hd.o(HEAP)
    STACK                                    0x20000398   Section     1024  startup_stm32f10x_hd.o(STACK)
    Stack_Mem                                0x20000398   Data        1024  startup_stm32f10x_hd.o(STACK)
    __initial_sp                             0x20000798   Data           0  startup_stm32f10x_hd.o(STACK)

    Global Symbols

    Symbol Name                              Value     Ov Type        Size  Object(Section)

    BuildAttributes$$THM_ISAv4$P$D$K$B$S$PE$A:L22UL41UL21$X:L11$S22US41US21$IEEE1$IW$USESV6$~STKCKD$USESV7$~SHL$OSPACE$ROPI$EBA8$UX$STANDARDLIB$REQ8$PRES8$EABIv2 0x00000000   Number         0  anon$$obj.o ABSOLUTE
    __ARM_use_no_argv                        0x00000000   Number         0  main.o ABSOLUTE
    __ARM_exceptions_init                     - Undefined Weak Reference
    __alloca_initialize                       - Undefined Weak Reference
    __arm_preinit_                            - Undefined Weak Reference
    __cpp_initialize__aeabi_                  - Undefined Weak Reference
    __cxa_finalize                            - Undefined Weak Reference
    __rt_locale                               - Undefined Weak Reference
    __sigvec_lookup                           - Undefined Weak Reference
    _atexit_init                              - Undefined Weak Reference
    _call_atexit_fns                          - Undefined Weak Reference
    _clock_init                               - Undefined Weak Reference
    _fp_trap_init                             - Undefined Weak Reference
    _fp_trap_shutdown                         - Undefined Weak Reference
    _get_lc_collate                           - Undefined Weak Reference
    _get_lc_ctype                             - Undefined Weak Reference
    _get_lc_monetary                          - Undefined Weak Reference
    _get_lc_numeric                           - Undefined Weak Reference
    _get_lc_time                              - Undefined Weak Reference
    _getenv_init                              - Undefined Weak Reference
    _handle_redirection                       - Undefined Weak Reference
    _init_alloc                               - Undefined Weak Reference
    _init_user_alloc                          - Undefined Weak Reference
    _initio                                   - Undefined Weak Reference
    _mutex_acquire                            - Undefined Weak Reference
    _mutex_release                            - Undefined Weak Reference
    _printf_post_padding                      - Undefined Weak Reference
    _printf_pre_padding                       - Undefined Weak Reference
    _printf_truncate_signed                   - Undefined Weak Reference
    _printf_truncate_unsigned                 - Undefined Weak Reference
    _rand_init                                - Undefined Weak Reference
    _signal_finish                            - Undefined Weak Reference
    _signal_init                              - Undefined Weak Reference
    _terminate_alloc                          - Undefined Weak Reference
    _terminate_user_alloc                     - Undefined Weak Reference
    _terminateio                              - Undefined Weak Reference
    __Vectors_Size                           0x00000130   Number         0  startup_stm32f10x_hd.o ABSOLUTE
    __Vectors                                0x08000000   Data           4  startup_stm32f10x_hd.o(RESET)
    __Vectors_End                            0x08000130   Data           0  startup_stm32f10x_hd.o(RESET)
    __main                                   0x08000131   Thumb Code     8  __main.o(!!!main)
    __scatterload                            0x08000139   Thumb Code     0  __scatter.o(!!!scatter)
    __scatterload_rt2                        0x08000139   Thumb Code    44  __scatter.o(!!!scatter)
    __scatterload_rt2_thumb_only             0x08000139   Thumb Code     0  __scatter.o(!!!scatter)
    __scatterload_null                       0x08000147   Thumb Code     0  __scatter.o(!!!scatter)
    __scatterload_copy                       0x0800016d   Thumb Code    26  __scatter_copy.o(!!handler_copy)
    __scatterload_zeroinit                   0x08000189   Thumb Code    28  __scatter_zi.o(!!handler_zi)
    _printf_d                                0x080001a5   Thumb Code     0  _printf_d.o(.ARM.Collect$$_printf_percent$$00000009)
    _printf_percent                          0x080001a5   Thumb Code     0  _printf_percent.o(.ARM.Collect$$_printf_percent$$00000000)
    _printf_percent_end                      0x080001ab   Thumb Code     0  _printf_percent_end.o(.ARM.Collect$$_printf_percent$$00000017)
    __rt_lib_init                            0x080001af   Thumb Code     0  libinit.o(.ARM.Collect$$libinit$$00000000)
    __rt_lib_init_alloca_1                   0x080001b1   Thumb Code     0  libinit2.o(.ARM.Collect$$libinit$$0000002E)
    __rt_lib_init_argv_1                     0x080001b1   Thumb Code     0  libinit2.o(.ARM.Collect$$libinit$$0000002C)
    __rt_lib_init_atexit_1                   0x080001b1   Thumb Code     0  libinit2.o(.ARM.Collect$$libinit$$0000001B)
    __rt_lib_init_clock_1                    0x080001b1   Thumb Code     0  libinit2.o(.ARM.Collect$$libinit$$00000021)
    __rt_lib_init_cpp_1                      0x080001b1   Thumb Code     0  libinit2.o(.ARM.Collect$$libinit$$00000032)
    __rt_lib_init_exceptions_1               0x080001b1   Thumb Code     0  libinit2.o(.ARM.Collect$$libinit$$00000030)
    __rt_lib_init_fp_1                       0x080001b1   Thumb Code     0  libinit2.o(.ARM.Collect$$libinit$$00000002)
    __rt_lib_init_fp_trap_1                  0x080001b1   Thumb Code     0  libinit2.o(.ARM.Collect$$libinit$$0000001F)
    __rt_lib_init_getenv_1                   0x080001b1   Thumb Code     0  libinit2.o(.ARM.Collect$$libinit$$00000023)
    __rt_lib_init_heap_1                     0x080001b1   Thumb Code     0  libinit2.o(.ARM.Collect$$libinit$$0000000A)
    __rt_lib_init_lc_collate_1               0x080001b1   Thumb Code     0  libinit2.o(.ARM.Collect$$libinit$$00000011)
    __rt_lib_init_lc_ctype_1                 0x080001b1   Thumb Code     0  libinit2.o(.ARM.Collect$$libinit$$00000013)
    __rt_lib_init_lc_monetary_1              0x080001b1   Thumb Code     0  libinit2.o(.ARM.Collect$$libinit$$00000015)
    __rt_lib_init_lc_numeric_1               0x080001b1   Thumb Code     0  libinit2.o(.ARM.Collect$$libinit$$00000017)
    __rt_lib_init_lc_time_1                  0x080001b1   Thumb Code     0  libinit2.o(.ARM.Collect$$libinit$$00000019)
    __rt_lib_init_preinit_1                  0x080001b1   Thumb Code     0  libinit2.o(.ARM.Collect$$libinit$$00000004)
    __rt_lib_init_rand_1                     0x080001b1   Thumb Code     0  libinit2.o(.ARM.Collect$$libinit$$0000000E)
    __rt_lib_init_return                     0x080001b1   Thumb Code     0  libinit2.o(.ARM.Collect$$libinit$$00000033)
    __rt_lib_init_signal_1                   0x080001b1   Thumb Code     0  libinit2.o(.ARM.Collect$$libinit$$0000001D)
    __rt_lib_init_stdio_1                    0x080001b1   Thumb Code     0  libinit2.o(.ARM.Collect$$libinit$$00000025)
    __rt_lib_init_user_alloc_1               0x080001b1   Thumb Code     0  libinit2.o(.ARM.Collect$$libinit$$0000000C)
    __rt_lib_shutdown                        0x080001b3   Thumb Code     0  libshutdown.o(.ARM.Collect$$libshutdown$$00000000)
    __rt_lib_shutdown_fp_trap_1              0x080001b5   Thumb Code     0  libshutdown2.o(.ARM.Collect$$libshutdown$$00000006)
    __rt_lib_shutdown_heap_1                 0x080001b5   Thumb Code     0  libshutdown2.o(.ARM.Collect$$libshutdown$$0000000E)
    __rt_lib_shutdown_return                 0x080001b5   Thumb Code     0  libshutdown2.o(.ARM.Collect$$libshutdown$$0000000F)
    __rt_lib_shutdown_signal_1               0x080001b5   Thumb Code     0  libshutdown2.o(.ARM.Collect$$libshutdown$$00000009)
    __rt_lib_shutdown_stdio_1                0x080001b5   Thumb Code     0  libshutdown2.o(.ARM.Collect$$libshutdown$$00000003)
    __rt_lib_shutdown_user_alloc_1           0x080001b5   Thumb Code     0  libshutdown2.o(.ARM.Collect$$libshutdown$$0000000B)
    __rt_entry                               0x080001b7   Thumb Code     0  __rtentry.o(.ARM.Collect$$rtentry$$00000000)
    __rt_entry_presh_1                       0x080001b7   Thumb Code     0  __rtentry2.o(.ARM.Collect$$rtentry$$00000002)
    __rt_entry_sh                            0x080001b7   Thumb Code     0  __rtentry4.o(.ARM.Collect$$rtentry$$00000004)
    __rt_entry_li                            0x080001bd   Thumb Code     0  __rtentry2.o(.ARM.Collect$$rtentry$$0000000A)
    __rt_entry_postsh_1                      0x080001bd   Thumb Code     0  __rtentry2.o(.ARM.Collect$$rtentry$$00000009)
    __rt_entry_main                          0x080001c1   Thumb Code     0  __rtentry2.o(.ARM.Collect$$rtentry$$0000000D)
    __rt_entry_postli_1                      0x080001c1   Thumb Code     0  __rtentry2.o(.ARM.Collect$$rtentry$$0000000C)
    __rt_exit                                0x080001c9   Thumb Code     0  rtexit.o(.ARM.Collect$$rtexit$$00000000)
    __rt_exit_ls                             0x080001cb   Thumb Code     0  rtexit2.o(.ARM.Collect$$rtexit$$00000003)
    __rt_exit_prels_1                        0x080001cb   Thumb Code     0  rtexit2.o(.ARM.Collect$$rtexit$$00000002)
    __rt_exit_exit                           0x080001cf   Thumb Code     0  rtexit2.o(.ARM.Collect$$rtexit$$00000004)
    RTC_Show                                 0x080001d5   Thumb Code   288  main.o(.text)
    Smoke_Detect                             0x080002f5   Thumb Code   106  main.o(.text)
    Smart_LED1                               0x0800035f   Thumb Code   140  main.o(.text)
    Temper_Show                              0x080003eb   Thumb Code    12  main.o(.text)
    LCD_Show                                 0x080003f7   Thumb Code    84  main.o(.text)
    Func_Init                                0x0800044b   Thumb Code   212  main.o(.text)
    main                                     0x0800051f   Thumb Code   828  main.o(.text)
    Smart_LED                                0x0800085b   Thumb Code   178  main.o(.text)
    NMI_Handler                              0x08000955   Thumb Code     2  stm32f10x_it.o(.text)
    HardFault_Handler                        0x08000957   Thumb Code     4  stm32f10x_it.o(.text)
    MemManage_Handler                        0x0800095b   Thumb Code     4  stm32f10x_it.o(.text)
    BusFault_Handler                         0x0800095f   Thumb Code     4  stm32f10x_it.o(.text)
    UsageFault_Handler                       0x08000963   Thumb Code     4  stm32f10x_it.o(.text)
    SVC_Handler                              0x08000967   Thumb Code     2  stm32f10x_it.o(.text)
    DebugMon_Handler                         0x08000969   Thumb Code     2  stm32f10x_it.o(.text)
    PendSV_Handler                           0x0800096b   Thumb Code     2  stm32f10x_it.o(.text)
    SysTick_Handler                          0x0800096d   Thumb Code     2  stm32f10x_it.o(.text)
    SystemInit                               0x08000a4f   Thumb Code    78  system_stm32f10x.o(.text)
    SystemCoreClockUpdate                    0x08000a9d   Thumb Code   142  system_stm32f10x.o(.text)
    LED_Init                                 0x08000b51   Thumb Code    46  led.o(.text)
    Smart_Led_Init                           0x08000b7f   Thumb Code   136  led.o(.text)
    Number_Students_Init                     0x08000c07   Thumb Code    60  led.o(.text)
    Smoke_Init                               0x08000c43   Thumb Code   126  led.o(.text)
    KEY_Init                                 0x08000cd5   Thumb Code    52  key.o(.text)
    KEY_Scan                                 0x08000d09   Thumb Code   188  key.o(.text)
    LCD_WR_REG                               0x08000dd1   Thumb Code     6  lcd.o(.text)
    LCD_WR_DATA                              0x08000dd7   Thumb Code     8  lcd.o(.text)
    LCD_RD_DATA                              0x08000ddf   Thumb Code    16  lcd.o(.text)
    LCD_WriteReg                             0x08000def   Thumb Code    10  lcd.o(.text)
    LCD_ReadReg                              0x08000df9   Thumb Code    22  lcd.o(.text)
    LCD_WriteRAM_Prepare                     0x08000e0f   Thumb Code    10  lcd.o(.text)
    LCD_WriteRAM                             0x08000e19   Thumb Code     8  lcd.o(.text)
    LCD_BGR2RGB                              0x08000e21   Thumb Code    26  lcd.o(.text)
    opt_delay                                0x08000e3b   Thumb Code    14  lcd.o(.text)
    LCD_SetCursor                            0x08000e49   Thumb Code   418  lcd.o(.text)
    LCD_ReadPoint                            0x08000feb   Thumb Code   360  lcd.o(.text)
    LCD_DisplayOn                            0x08001153   Thumb Code   102  lcd.o(.text)
    LCD_DisplayOff                           0x080011b9   Thumb Code    90  lcd.o(.text)
    LCD_Scan_Dir                             0x08001213   Thumb Code   744  lcd.o(.text)
    LCD_DrawPoint                            0x080014fb   Thumb Code    28  lcd.o(.text)
    LCD_Fast_DrawPoint                       0x08001517   Thumb Code   384  lcd.o(.text)
    LCD_SSD_BackLightSet                     0x08001697   Thumb Code    80  lcd.o(.text)
    LCD_Display_Dir                          0x080016e7   Thumb Code   444  lcd.o(.text)
    LCD_Set_Window                           0x080018a3   Thumb Code   540  lcd.o(.text)
    LCD_Clear                                0x08001abf   Thumb Code   100  lcd.o(.text)
    LCD_Init                                 0x08001b23   Thumb Code 14164  lcd.o(.text)
    LCD_Fill                                 0x08005277   Thumb Code   178  lcd.o(.text)
    LCD_Color_Fill                           0x08005329   Thumb Code   104  lcd.o(.text)
    LCD_DrawLine                             0x08005391   Thumb Code   176  lcd.o(.text)
    LCD_DrawRectangle                        0x08005441   Thumb Code    60  lcd.o(.text)
    LCD_Draw_Circle                          0x0800547d   Thumb Code   152  lcd.o(.text)
    LCD_ShowChar                             0x08005515   Thumb Code   272  lcd.o(.text)
    LCD_Pow                                  0x08005625   Thumb Code    22  lcd.o(.text)
    LCD_ShowNum                              0x0800563b   Thumb Code   148  lcd.o(.text)
    LCD_ShowxNum                             0x080056cf   Thumb Code   220  lcd.o(.text)
    LCD_ShowString                           0x080057ab   Thumb Code   102  lcd.o(.text)
    RTC_Get_Week                             0x08005831   Thumb Code   116  rtc.o(.text)
    Is_Leap_Year                             0x080058a5   Thumb Code    58  rtc.o(.text)
    RTC_Get                                  0x080058df   Thumb Code   240  rtc.o(.text)
    RTC_Set                                  0x080059cf   Thumb Code   184  rtc.o(.text)
    RTC_Init                                 0x08005a87   Thumb Code   192  rtc.o(.text)
    RTC_IRQHandler                           0x08005b47   Thumb Code    76  rtc.o(.text)
    RTC_Alarm_Set                            0x08005b93   Thumb Code   184  rtc.o(.text)
    EXTI5_NVIC_Config                        0x08005c89   Thumb Code    32  exti.o(.text)
    EXTI4_NVIC_Config                        0x08005ca9   Thumb Code    32  exti.o(.text)
    EXTIX_Init                               0x08005cc9   Thumb Code    96  exti.o(.text)
    EXTI4_IRQHandler                         0x08005d29   Thumb Code    60  exti.o(.text)
    EXTI9_5_IRQHandler                       0x08005d65   Thumb Code    62  exti.o(.text)
    TIM5_Int_Init                            0x08005db1   Thumb Code    90  timer.o(.text)
    TIM4_Int_Init                            0x08005e0b   Thumb Code    90  timer.o(.text)
    TIM3_Int_Init                            0x08005e65   Thumb Code    90  timer.o(.text)
    TIM2_Int_Init                            0x08005ebf   Thumb Code    94  timer.o(.text)
    TIM5_IRQHandler                          0x08005f1d   Thumb Code    38  timer.o(.text)
    TIM4_IRQHandler                          0x08005f43   Thumb Code    78  timer.o(.text)
    TIM3_IRQHandler                          0x08005f91   Thumb Code    66  timer.o(.text)
    TIM2_IRQHandler                          0x08005fd3   Thumb Code    80  timer.o(.text)
    T_Adc_Init                               0x08006059   Thumb Code   118  tsensor.o(.text)
    T_Get_Adc                                0x080060cf   Thumb Code    46  tsensor.o(.text)
    T_Get_Temp                               0x080060fd   Thumb Code    42  tsensor.o(.text)
    T_Get_Adc_Average                        0x08006127   Thumb Code    46  tsensor.o(.text)
    Get_Temprate                             0x08006155   Thumb Code   106  tsensor.o(.text)
    delay_init                               0x080061e1   Thumb Code    50  delay.o(.text)
    delay_us                                 0x08006213   Thumb Code    72  delay.o(.text)
    delay_ms                                 0x0800625b   Thumb Code    72  delay.o(.text)
    _sys_exit                                0x080062b5   Thumb Code     6  usart.o(.text)
    fputc                                    0x080062bb   Thumb Code    24  usart.o(.text)
    uart_init                                0x080062d3   Thumb Code   152  usart.o(.text)
    USART1_IRQHandler                        0x0800636b   Thumb Code   122  usart.o(.text)
    Reset_Handler                            0x080063f5   Thumb Code     8  startup_stm32f10x_hd.o(.text)
    ADC1_2_IRQHandler                        0x0800640f   Thumb Code     0  startup_stm32f10x_hd.o(.text)
    ADC3_IRQHandler                          0x0800640f   Thumb Code     0  startup_stm32f10x_hd.o(.text)
    CAN1_RX1_IRQHandler                      0x0800640f   Thumb Code     0  startup_stm32f10x_hd.o(.text)
    CAN1_SCE_IRQHandler                      0x0800640f   Thumb Code     0  startup_stm32f10x_hd.o(.text)
    DMA1_Channel1_IRQHandler                 0x0800640f   Thumb Code     0  startup_stm32f10x_hd.o(.text)
    DMA1_Channel2_IRQHandler                 0x0800640f   Thumb Code     0  startup_stm32f10x_hd.o(.text)
    DMA1_Channel3_IRQHandler                 0x0800640f   Thumb Code     0  startup_stm32f10x_hd.o(.text)
    DMA1_Channel4_IRQHandler                 0x0800640f   Thumb Code     0  startup_stm32f10x_hd.o(.text)
    DMA1_Channel5_IRQHandler                 0x0800640f   Thumb Code     0  startup_stm32f10x_hd.o(.text)
    DMA1_Channel6_IRQHandler                 0x0800640f   Thumb Code     0  startup_stm32f10x_hd.o(.text)
    DMA1_Channel7_IRQHandler                 0x0800640f   Thumb Code     0  startup_stm32f10x_hd.o(.text)
    DMA2_Channel1_IRQHandler                 0x0800640f   Thumb Code     0  startup_stm32f10x_hd.o(.text)
    DMA2_Channel2_IRQHandler                 0x0800640f   Thumb Code     0  startup_stm32f10x_hd.o(.text)
    DMA2_Channel3_IRQHandler                 0x0800640f   Thumb Code     0  startup_stm32f10x_hd.o(.text)
    DMA2_Channel4_5_IRQHandler               0x0800640f   Thumb Code     0  startup_stm32f10x_hd.o(.text)
    EXTI0_IRQHandler                         0x0800640f   Thumb Code     0  startup_stm32f10x_hd.o(.text)
    EXTI15_10_IRQHandler                     0x0800640f   Thumb Code     0  startup_stm32f10x_hd.o(.text)
    EXTI1_IRQHandler                         0x0800640f   Thumb Code     0  startup_stm32f10x_hd.o(.text)
    EXTI2_IRQHandler                         0x0800640f   Thumb Code     0  startup_stm32f10x_hd.o(.text)
    EXTI3_IRQHandler                         0x0800640f   Thumb Code     0  startup_stm32f10x_hd.o(.text)
    FLASH_IRQHandler                         0x0800640f   Thumb Code     0  startup_stm32f10x_hd.o(.text)
    FSMC_IRQHandler                          0x0800640f   Thumb Code     0  startup_stm32f10x_hd.o(.text)
    I2C1_ER_IRQHandler                       0x0800640f   Thumb Code     0  startup_stm32f10x_hd.o(.text)
    I2C1_EV_IRQHandler                       0x0800640f   Thumb Code     0  startup_stm32f10x_hd.o(.text)
    I2C2_ER_IRQHandler                       0x0800640f   Thumb Code     0  startup_stm32f10x_hd.o(.text)
    I2C2_EV_IRQHandler                       0x0800640f   Thumb Code     0  startup_stm32f10x_hd.o(.text)
    PVD_IRQHandler                           0x0800640f   Thumb Code     0  startup_stm32f10x_hd.o(.text)
    RCC_IRQHandler                           0x0800640f   Thumb Code     0  startup_stm32f10x_hd.o(.text)
    RTCAlarm_IRQHandler                      0x0800640f   Thumb Code     0  startup_stm32f10x_hd.o(.text)
    SDIO_IRQHandler                          0x0800640f   Thumb Code     0  startup_stm32f10x_hd.o(.text)
    SPI1_IRQHandler                          0x0800640f   Thumb Code     0  startup_stm32f10x_hd.o(.text)
    SPI2_IRQHandler                          0x0800640f   Thumb Code     0  startup_stm32f10x_hd.o(.text)
    SPI3_IRQHandler                          0x0800640f   Thumb Code     0  startup_stm32f10x_hd.o(.text)
    TAMPER_IRQHandler                        0x0800640f   Thumb Code     0  startup_stm32f10x_hd.o(.text)
    TIM1_BRK_IRQHandler                      0x0800640f   Thumb Code     0  startup_stm32f10x_hd.o(.text)
    TIM1_CC_IRQHandler                       0x0800640f   Thumb Code     0  startup_stm32f10x_hd.o(.text)
    TIM1_TRG_COM_IRQHandler                  0x0800640f   Thumb Code     0  startup_stm32f10x_hd.o(.text)
    TIM1_UP_IRQHandler                       0x0800640f   Thumb Code     0  startup_stm32f10x_hd.o(.text)
    TIM6_IRQHandler                          0x0800640f   Thumb Code     0  startup_stm32f10x_hd.o(.text)
    TIM7_IRQHandler                          0x0800640f   Thumb Code     0  startup_stm32f10x_hd.o(.text)
    TIM8_BRK_IRQHandler                      0x0800640f   Thumb Code     0  startup_stm32f10x_hd.o(.text)
    TIM8_CC_IRQHandler                       0x0800640f   Thumb Code     0  startup_stm32f10x_hd.o(.text)
    TIM8_TRG_COM_IRQHandler                  0x0800640f   Thumb Code     0  startup_stm32f10x_hd.o(.text)
    TIM8_UP_IRQHandler                       0x0800640f   Thumb Code     0  startup_stm32f10x_hd.o(.text)
    UART4_IRQHandler                         0x0800640f   Thumb Code     0  startup_stm32f10x_hd.o(.text)
    UART5_IRQHandler                         0x0800640f   Thumb Code     0  startup_stm32f10x_hd.o(.text)
    USART2_IRQHandler                        0x0800640f   Thumb Code     0  startup_stm32f10x_hd.o(.text)
    USART3_IRQHandler                        0x0800640f   Thumb Code     0  startup_stm32f10x_hd.o(.text)
    USBWakeUp_IRQHandler                     0x0800640f   Thumb Code     0  startup_stm32f10x_hd.o(.text)
    USB_HP_CAN1_TX_IRQHandler                0x0800640f   Thumb Code     0  startup_stm32f10x_hd.o(.text)
    USB_LP_CAN1_RX0_IRQHandler               0x0800640f   Thumb Code     0  startup_stm32f10x_hd.o(.text)
    WWDG_IRQHandler                          0x0800640f   Thumb Code     0  startup_stm32f10x_hd.o(.text)
    __user_initial_stackheap                 0x08006411   Thumb Code     0  startup_stm32f10x_hd.o(.text)
    NVIC_PriorityGroupConfig                 0x08006435   Thumb Code    10  misc.o(.text)
    NVIC_Init                                0x0800643f   Thumb Code   100  misc.o(.text)
    NVIC_SetVectorTable                      0x080064a3   Thumb Code    14  misc.o(.text)
    NVIC_SystemLPConfig                      0x080064b1   Thumb Code    34  misc.o(.text)
    SysTick_CLKSourceConfig                  0x080064d3   Thumb Code    40  misc.o(.text)
    BKP_DeInit                               0x08006511   Thumb Code    16  stm32f10x_bkp.o(.text)
    BKP_TamperPinLevelConfig                 0x08006521   Thumb Code     6  stm32f10x_bkp.o(.text)
    BKP_TamperPinCmd                         0x08006527   Thumb Code     8  stm32f10x_bkp.o(.text)
    BKP_ITConfig                             0x0800652f   Thumb Code     8  stm32f10x_bkp.o(.text)
    BKP_RTCOutputConfig                      0x08006537   Thumb Code    22  stm32f10x_bkp.o(.text)
    BKP_SetRTCCalibrationValue               0x0800654d   Thumb Code    22  stm32f10x_bkp.o(.text)
    BKP_WriteBackupRegister                  0x08006563   Thumb Code    24  stm32f10x_bkp.o(.text)
    BKP_ReadBackupRegister                   0x0800657b   Thumb Code    26  stm32f10x_bkp.o(.text)
    BKP_GetFlagStatus                        0x08006595   Thumb Code    10  stm32f10x_bkp.o(.text)
    BKP_ClearFlag                            0x0800659f   Thumb Code    18  stm32f10x_bkp.o(.text)
    BKP_GetITStatus                          0x080065b1   Thumb Code    10  stm32f10x_bkp.o(.text)
    BKP_ClearITPendingBit                    0x080065bb   Thumb Code    18  stm32f10x_bkp.o(.text)
    FSMC_NORSRAMDeInit                       0x080065d5   Thumb Code    54  stm32f10x_fsmc.o(.text)
    FSMC_NANDDeInit                          0x0800660b   Thumb Code    62  stm32f10x_fsmc.o(.text)
    FSMC_PCCARDDeInit                        0x08006649   Thumb Code    36  stm32f10x_fsmc.o(.text)
    FSMC_NORSRAMInit                         0x0800666d   Thumb Code   230  stm32f10x_fsmc.o(.text)
    FSMC_NANDInit                            0x08006753   Thumb Code   132  stm32f10x_fsmc.o(.text)
    FSMC_PCCARDInit                          0x080067d7   Thumb Code   130  stm32f10x_fsmc.o(.text)
    FSMC_NORSRAMStructInit                   0x08006859   Thumb Code   114  stm32f10x_fsmc.o(.text)
    FSMC_NANDStructInit                      0x080068cb   Thumb Code    54  stm32f10x_fsmc.o(.text)
    FSMC_PCCARDStructInit                    0x08006901   Thumb Code    60  stm32f10x_fsmc.o(.text)
    FSMC_NORSRAMCmd                          0x0800693d   Thumb Code    46  stm32f10x_fsmc.o(.text)
    FSMC_NANDCmd                             0x0800696b   Thumb Code    86  stm32f10x_fsmc.o(.text)
    FSMC_PCCARDCmd                           0x080069c1   Thumb Code    44  stm32f10x_fsmc.o(.text)
    FSMC_NANDECCCmd                          0x080069ed   Thumb Code    90  stm32f10x_fsmc.o(.text)
    FSMC_GetECC                              0x08006a47   Thumb Code    24  stm32f10x_fsmc.o(.text)
    FSMC_ITConfig                            0x08006a5f   Thumb Code   128  stm32f10x_fsmc.o(.text)
    FSMC_GetFlagStatus                       0x08006adf   Thumb Code    54  stm32f10x_fsmc.o(.text)
    FSMC_ClearFlag                           0x08006b15   Thumb Code    62  stm32f10x_fsmc.o(.text)
    FSMC_GetITStatus                         0x08006b53   Thumb Code    64  stm32f10x_fsmc.o(.text)
    FSMC_ClearITPendingBit                   0x08006b93   Thumb Code    68  stm32f10x_fsmc.o(.text)
    GPIO_DeInit                              0x08006be1   Thumb Code   172  stm32f10x_gpio.o(.text)
    GPIO_AFIODeInit                          0x08006c8d   Thumb Code    20  stm32f10x_gpio.o(.text)
    GPIO_Init                                0x08006ca1   Thumb Code   278  stm32f10x_gpio.o(.text)
    GPIO_StructInit                          0x08006db7   Thumb Code    16  stm32f10x_gpio.o(.text)
    GPIO_ReadInputDataBit                    0x08006dc7   Thumb Code    18  stm32f10x_gpio.o(.text)
    GPIO_ReadInputData                       0x08006dd9   Thumb Code     8  stm32f10x_gpio.o(.text)
    GPIO_ReadOutputDataBit                   0x08006de1   Thumb Code    18  stm32f10x_gpio.o(.text)
    GPIO_ReadOutputData                      0x08006df3   Thumb Code     8  stm32f10x_gpio.o(.text)
    GPIO_SetBits                             0x08006dfb   Thumb Code     4  stm32f10x_gpio.o(.text)
    GPIO_ResetBits                           0x08006dff   Thumb Code     4  stm32f10x_gpio.o(.text)
    GPIO_WriteBit                            0x08006e03   Thumb Code    10  stm32f10x_gpio.o(.text)
    GPIO_Write                               0x08006e0d   Thumb Code     4  stm32f10x_gpio.o(.text)
    GPIO_PinLockConfig                       0x08006e11   Thumb Code    18  stm32f10x_gpio.o(.text)
    GPIO_EventOutputConfig                   0x08006e23   Thumb Code    26  stm32f10x_gpio.o(.text)
    GPIO_EventOutputCmd                      0x08006e3d   Thumb Code     6  stm32f10x_gpio.o(.text)
    GPIO_PinRemapConfig                      0x08006e43   Thumb Code   138  stm32f10x_gpio.o(.text)
    GPIO_EXTILineConfig                      0x08006ecd   Thumb Code    66  stm32f10x_gpio.o(.text)
    GPIO_ETH_MediaInterfaceConfig            0x08006f0f   Thumb Code     8  stm32f10x_gpio.o(.text)
    PWR_DeInit                               0x08006f3d   Thumb Code    22  stm32f10x_pwr.o(.text)
    PWR_BackupAccessCmd                      0x08006f53   Thumb Code     6  stm32f10x_pwr.o(.text)
    PWR_PVDCmd                               0x08006f59   Thumb Code     6  stm32f10x_pwr.o(.text)
    PWR_PVDLevelConfig                       0x08006f5f   Thumb Code    18  stm32f10x_pwr.o(.text)
    PWR_WakeUpPinCmd                         0x08006f71   Thumb Code     8  stm32f10x_pwr.o(.text)
    PWR_EnterSTOPMode                        0x08006f79   Thumb Code    54  stm32f10x_pwr.o(.text)
    PWR_EnterSTANDBYMode                     0x08006faf   Thumb Code    42  stm32f10x_pwr.o(.text)
    PWR_GetFlagStatus                        0x08006fd9   Thumb Code    20  stm32f10x_pwr.o(.text)
    PWR_ClearFlag                            0x08006fed   Thumb Code    14  stm32f10x_pwr.o(.text)
    RCC_DeInit                               0x08007009   Thumb Code    64  stm32f10x_rcc.o(.text)
    RCC_HSEConfig                            0x08007049   Thumb Code    70  stm32f10x_rcc.o(.text)
    RCC_GetFlagStatus                        0x0800708f   Thumb Code    56  stm32f10x_rcc.o(.text)
    RCC_WaitForHSEStartUp                    0x080070c7   Thumb Code    56  stm32f10x_rcc.o(.text)
    RCC_AdjustHSICalibrationValue            0x080070ff   Thumb Code    20  stm32f10x_rcc.o(.text)
    RCC_HSICmd                               0x08007113   Thumb Code     6  stm32f10x_rcc.o(.text)
    RCC_PLLConfig                            0x08007119   Thumb Code    24  stm32f10x_rcc.o(.text)
    RCC_PLLCmd                               0x08007131   Thumb Code     6  stm32f10x_rcc.o(.text)
    RCC_SYSCLKConfig                         0x08007137   Thumb Code    18  stm32f10x_rcc.o(.text)
    RCC_GetSYSCLKSource                      0x08007149   Thumb Code    10  stm32f10x_rcc.o(.text)
    RCC_HCLKConfig                           0x08007153   Thumb Code    18  stm32f10x_rcc.o(.text)
    RCC_PCLK1Config                          0x08007165   Thumb Code    18  stm32f10x_rcc.o(.text)
    RCC_PCLK2Config                          0x08007177   Thumb Code    20  stm32f10x_rcc.o(.text)
    RCC_ITConfig                             0x0800718b   Thumb Code    26  stm32f10x_rcc.o(.text)
    RCC_USBCLKConfig                         0x080071a5   Thumb Code     8  stm32f10x_rcc.o(.text)
    RCC_ADCCLKConfig                         0x080071ad   Thumb Code    18  stm32f10x_rcc.o(.text)
    RCC_LSEConfig                            0x080071bf   Thumb Code    50  stm32f10x_rcc.o(.text)
    RCC_LSICmd                               0x080071f1   Thumb Code     6  stm32f10x_rcc.o(.text)
    RCC_RTCCLKConfig                         0x080071f7   Thumb Code    12  stm32f10x_rcc.o(.text)
    RCC_RTCCLKCmd                            0x08007203   Thumb Code     8  stm32f10x_rcc.o(.text)
    RCC_GetClocksFreq                        0x0800720b   Thumb Code   192  stm32f10x_rcc.o(.text)
    RCC_AHBPeriphClockCmd                    0x080072cb   Thumb Code    26  stm32f10x_rcc.o(.text)
    RCC_APB2PeriphClockCmd                   0x080072e5   Thumb Code    26  stm32f10x_rcc.o(.text)
    RCC_APB1PeriphClockCmd                   0x080072ff   Thumb Code    26  stm32f10x_rcc.o(.text)
    RCC_APB2PeriphResetCmd                   0x08007319   Thumb Code    26  stm32f10x_rcc.o(.text)
    RCC_APB1PeriphResetCmd                   0x08007333   Thumb Code    26  stm32f10x_rcc.o(.text)
    RCC_BackupResetCmd                       0x0800734d   Thumb Code     8  stm32f10x_rcc.o(.text)
    RCC_ClockSecuritySystemCmd               0x08007355   Thumb Code     6  stm32f10x_rcc.o(.text)
    RCC_MCOConfig                            0x0800735b   Thumb Code     6  stm32f10x_rcc.o(.text)
    RCC_ClearFlag                            0x08007361   Thumb Code    14  stm32f10x_rcc.o(.text)
    RCC_GetITStatus                          0x0800736f   Thumb Code    20  stm32f10x_rcc.o(.text)
    RCC_ClearITPendingBit                    0x08007383   Thumb Code     6  stm32f10x_rcc.o(.text)
    USART_DeInit                             0x080073ad   Thumb Code   134  stm32f10x_usart.o(.text)
    USART_Init                               0x08007433   Thumb Code   210  stm32f10x_usart.o(.text)
    USART_StructInit                         0x08007505   Thumb Code    24  stm32f10x_usart.o(.text)
    USART_ClockInit                          0x0800751d   Thumb Code    34  stm32f10x_usart.o(.text)
    USART_ClockStructInit                    0x0800753f   Thumb Code    12  stm32f10x_usart.o(.text)
    USART_Cmd                                0x0800754b   Thumb Code    24  stm32f10x_usart.o(.text)
    USART_ITConfig                           0x08007563   Thumb Code    74  stm32f10x_usart.o(.text)
    USART_DMACmd                             0x080075ad   Thumb Code    18  stm32f10x_usart.o(.text)
    USART_SetAddress                         0x080075bf   Thumb Code    18  stm32f10x_usart.o(.text)
    USART_WakeUpConfig                       0x080075d1   Thumb Code    18  stm32f10x_usart.o(.text)
    USART_ReceiverWakeUpCmd                  0x080075e3   Thumb Code    24  stm32f10x_usart.o(.text)
    USART_LINBreakDetectLengthConfig         0x080075fb   Thumb Code    18  stm32f10x_usart.o(.text)
    USART_LINCmd                             0x0800760d   Thumb Code    24  stm32f10x_usart.o(.text)
    USART_SendData                           0x08007625   Thumb Code     8  stm32f10x_usart.o(.text)
    USART_ReceiveData                        0x0800762d   Thumb Code    10  stm32f10x_usart.o(.text)
    USART_SendBreak                          0x08007637   Thumb Code    10  stm32f10x_usart.o(.text)
    USART_SetGuardTime                       0x08007641   Thumb Code    16  stm32f10x_usart.o(.text)
    USART_SetPrescaler                       0x08007651   Thumb Code    16  stm32f10x_usart.o(.text)
    USART_SmartCardCmd                       0x08007661   Thumb Code    24  stm32f10x_usart.o(.text)
    USART_SmartCardNACKCmd                   0x08007679   Thumb Code    24  stm32f10x_usart.o(.text)
    USART_HalfDuplexCmd                      0x08007691   Thumb Code    24  stm32f10x_usart.o(.text)
    USART_OverSampling8Cmd                   0x080076a9   Thumb Code    22  stm32f10x_usart.o(.text)
    USART_OneBitMethodCmd                    0x080076bf   Thumb Code    24  stm32f10x_usart.o(.text)
    USART_IrDAConfig                         0x080076d7   Thumb Code    18  stm32f10x_usart.o(.text)
    USART_IrDACmd                            0x080076e9   Thumb Code    24  stm32f10x_usart.o(.text)
    USART_GetFlagStatus                      0x08007701   Thumb Code    26  stm32f10x_usart.o(.text)
    USART_ClearFlag                          0x0800771b   Thumb Code    18  stm32f10x_usart.o(.text)
    USART_GetITStatus                        0x0800772d   Thumb Code    84  stm32f10x_usart.o(.text)
    USART_ClearITPendingBit                  0x08007781   Thumb Code    52  stm32f10x_usart.o(.text)
    RTC_ITConfig                             0x080077b5   Thumb Code    26  stm32f10x_rtc.o(.text)
    RTC_EnterConfigMode                      0x080077cf   Thumb Code    18  stm32f10x_rtc.o(.text)
    RTC_ExitConfigMode                       0x080077e1   Thumb Code    20  stm32f10x_rtc.o(.text)
    RTC_GetCounter                           0x080077f5   Thumb Code    18  stm32f10x_rtc.o(.text)
    RTC_SetCounter                           0x08007807   Thumb Code    26  stm32f10x_rtc.o(.text)
    RTC_SetPrescaler                         0x08007821   Thumb Code    28  stm32f10x_rtc.o(.text)
    RTC_SetAlarm                             0x0800783d   Thumb Code    26  stm32f10x_rtc.o(.text)
    RTC_GetDivider                           0x08007857   Thumb Code    22  stm32f10x_rtc.o(.text)
    RTC_WaitForLastTask                      0x0800786d   Thumb Code    18  stm32f10x_rtc.o(.text)
    RTC_WaitForSynchro                       0x0800787f   Thumb Code    36  stm32f10x_rtc.o(.text)
    RTC_GetFlagStatus                        0x080078a3   Thumb Code    22  stm32f10x_rtc.o(.text)
    RTC_ClearFlag                            0x080078b9   Thumb Code    16  stm32f10x_rtc.o(.text)
    RTC_GetITStatus                          0x080078c9   Thumb Code    32  stm32f10x_rtc.o(.text)
    RTC_ClearITPendingBit                    0x080078e9   Thumb Code    16  stm32f10x_rtc.o(.text)
    TIM_DeInit                               0x080078fd   Thumb Code   424  stm32f10x_tim.o(.text)
    TIM_TimeBaseInit                         0x08007aa5   Thumb Code   122  stm32f10x_tim.o(.text)
    TIM_OC1Init                              0x08007b1f   Thumb Code   132  stm32f10x_tim.o(.text)
    TIM_OC2Init                              0x08007ba3   Thumb Code   154  stm32f10x_tim.o(.text)
    TIM_OC3Init                              0x08007c3d   Thumb Code   150  stm32f10x_tim.o(.text)
    TIM_OC4Init                              0x08007cd3   Thumb Code   182  stm32f10x_tim.o(.text)
    TIM_SetIC4Prescaler                      0x08007d89   Thumb Code    26  stm32f10x_tim.o(.text)
    TIM_SetIC3Prescaler                      0x08007e25   Thumb Code    18  stm32f10x_tim.o(.text)
    TIM_SetIC2Prescaler                      0x08007eb1   Thumb Code    26  stm32f10x_tim.o(.text)
    TIM_SetIC1Prescaler                      0x08007f4d   Thumb Code    18  stm32f10x_tim.o(.text)
    TIM_ICInit                               0x08007fcb   Thumb Code   150  stm32f10x_tim.o(.text)
    TIM_PWMIConfig                           0x08008061   Thumb Code   124  stm32f10x_tim.o(.text)
    TIM_BDTRConfig                           0x080080dd   Thumb Code    32  stm32f10x_tim.o(.text)
    TIM_TimeBaseStructInit                   0x080080fd   Thumb Code    18  stm32f10x_tim.o(.text)
    TIM_OCStructInit                         0x0800810f   Thumb Code    20  stm32f10x_tim.o(.text)
    TIM_ICStructInit                         0x08008123   Thumb Code    18  stm32f10x_tim.o(.text)
    TIM_BDTRStructInit                       0x08008135   Thumb Code    40  stm32f10x_tim.o(.text)
    TIM_Cmd                                  0x0800815d   Thumb Code    24  stm32f10x_tim.o(.text)
    TIM_CtrlPWMOutputs                       0x08008175   Thumb Code    30  stm32f10x_tim.o(.text)
    TIM_ITConfig                             0x08008193   Thumb Code    18  stm32f10x_tim.o(.text)
    TIM_GenerateEvent                        0x080081a5   Thumb Code     4  stm32f10x_tim.o(.text)
    TIM_DMAConfig                            0x080081a9   Thumb Code    10  stm32f10x_tim.o(.text)
    TIM_DMACmd                               0x080081b3   Thumb Code    18  stm32f10x_tim.o(.text)
    TIM_InternalClockConfig                  0x080081c5   Thumb Code    12  stm32f10x_tim.o(.text)
    TIM_SelectInputTrigger                   0x080081d1   Thumb Code    18  stm32f10x_tim.o(.text)
    TIM_ITRxExternalClockConfig              0x080081e3   Thumb Code    24  stm32f10x_tim.o(.text)
    TIM_TIxExternalClockConfig               0x080081fb   Thumb Code    62  stm32f10x_tim.o(.text)
    TIM_ETRConfig                            0x08008239   Thumb Code    28  stm32f10x_tim.o(.text)
    TIM_ETRClockMode1Config                  0x08008255   Thumb Code    54  stm32f10x_tim.o(.text)
    TIM_ETRClockMode2Config                  0x0800828b   Thumb Code    32  stm32f10x_tim.o(.text)
    TIM_PrescalerConfig                      0x080082ab   Thumb Code     6  stm32f10x_tim.o(.text)
    TIM_CounterModeConfig                    0x080082b1   Thumb Code    18  stm32f10x_tim.o(.text)
    TIM_EncoderInterfaceConfig               0x080082c3   Thumb Code    66  stm32f10x_tim.o(.text)
    TIM_ForcedOC1Config                      0x08008305   Thumb Code    18  stm32f10x_tim.o(.text)
    TIM_ForcedOC2Config                      0x08008317   Thumb Code    26  stm32f10x_tim.o(.text)
    TIM_ForcedOC3Config                      0x08008331   Thumb Code    18  stm32f10x_tim.o(.text)
    TIM_ForcedOC4Config                      0x08008343   Thumb Code    26  stm32f10x_tim.o(.text)
    TIM_ARRPreloadConfig                     0x0800835d   Thumb Code    24  stm32f10x_tim.o(.text)
    TIM_SelectCOM                            0x08008375   Thumb Code    24  stm32f10x_tim.o(.text)
    TIM_SelectCCDMA                          0x0800838d   Thumb Code    24  stm32f10x_tim.o(.text)
    TIM_CCPreloadControl                     0x080083a5   Thumb Code    24  stm32f10x_tim.o(.text)
    TIM_OC1PreloadConfig                     0x080083bd   Thumb Code    18  stm32f10x_tim.o(.text)
    TIM_OC2PreloadConfig                     0x080083cf   Thumb Code    26  stm32f10x_tim.o(.text)
    TIM_OC3PreloadConfig                     0x080083e9   Thumb Code    18  stm32f10x_tim.o(.text)
    TIM_OC4PreloadConfig                     0x080083fb   Thumb Code    26  stm32f10x_tim.o(.text)
    TIM_OC1FastConfig                        0x08008415   Thumb Code    18  stm32f10x_tim.o(.text)
    TIM_OC2FastConfig                        0x08008427   Thumb Code    26  stm32f10x_tim.o(.text)
    TIM_OC3FastConfig                        0x08008441   Thumb Code    18  stm32f10x_tim.o(.text)
    TIM_OC4FastConfig                        0x08008453   Thumb Code    26  stm32f10x_tim.o(.text)
    TIM_ClearOC1Ref                          0x0800846d   Thumb Code    18  stm32f10x_tim.o(.text)
    TIM_ClearOC2Ref                          0x0800847f   Thumb Code    24  stm32f10x_tim.o(.text)
    TIM_ClearOC3Ref                          0x08008497   Thumb Code    18  stm32f10x_tim.o(.text)
    TIM_ClearOC4Ref                          0x080084a9   Thumb Code    24  stm32f10x_tim.o(.text)
    TIM_OC1PolarityConfig                    0x080084c1   Thumb Code    18  stm32f10x_tim.o(.text)
    TIM_OC1NPolarityConfig                   0x080084d3   Thumb Code    18  stm32f10x_tim.o(.text)
    TIM_OC2PolarityConfig                    0x080084e5   Thumb Code    26  stm32f10x_tim.o(.text)
    TIM_OC2NPolarityConfig                   0x080084ff   Thumb Code    26  stm32f10x_tim.o(.text)
    TIM_OC3PolarityConfig                    0x08008519   Thumb Code    26  stm32f10x_tim.o(.text)
    TIM_OC3NPolarityConfig                   0x08008533   Thumb Code    26  stm32f10x_tim.o(.text)
    TIM_OC4PolarityConfig                    0x0800854d   Thumb Code    26  stm32f10x_tim.o(.text)
    TIM_CCxCmd                               0x08008567   Thumb Code    30  stm32f10x_tim.o(.text)
    TIM_CCxNCmd                              0x08008585   Thumb Code    30  stm32f10x_tim.o(.text)
    TIM_SelectOCxM                           0x080085a3   Thumb Code    82  stm32f10x_tim.o(.text)
    TIM_UpdateDisableConfig                  0x080085f5   Thumb Code    24  stm32f10x_tim.o(.text)
    TIM_UpdateRequestConfig                  0x0800860d   Thumb Code    24  stm32f10x_tim.o(.text)
    TIM_SelectHallSensor                     0x08008625   Thumb Code    24  stm32f10x_tim.o(.text)
    TIM_SelectOnePulseMode                   0x0800863d   Thumb Code    18  stm32f10x_tim.o(.text)
    TIM_SelectOutputTrigger                  0x0800864f   Thumb Code    18  stm32f10x_tim.o(.text)
    TIM_SelectSlaveMode                      0x08008661   Thumb Code    18  stm32f10x_tim.o(.text)
    TIM_SelectMasterSlaveMode                0x08008673   Thumb Code    18  stm32f10x_tim.o(.text)
    TIM_SetCounter                           0x08008685   Thumb Code     4  stm32f10x_tim.o(.text)
    TIM_SetAutoreload                        0x08008689   Thumb Code     4  stm32f10x_tim.o(.text)
    TIM_SetCompare1                          0x0800868d   Thumb Code     4  stm32f10x_tim.o(.text)
    TIM_SetCompare2                          0x08008691   Thumb Code     4  stm32f10x_tim.o(.text)
    TIM_SetCompare3                          0x08008695   Thumb Code     4  stm32f10x_tim.o(.text)
    TIM_SetCompare4                          0x08008699   Thumb Code     6  stm32f10x_tim.o(.text)
    TIM_SetClockDivision                     0x0800869f   Thumb Code    18  stm32f10x_tim.o(.text)
    TIM_GetCapture1                          0x080086b1   Thumb Code     6  stm32f10x_tim.o(.text)
    TIM_GetCapture2                          0x080086b7   Thumb Code     6  stm32f10x_tim.o(.text)
    TIM_GetCapture3                          0x080086bd   Thumb Code     6  stm32f10x_tim.o(.text)
    TIM_GetCapture4                          0x080086c3   Thumb Code     8  stm32f10x_tim.o(.text)
    TIM_GetCounter                           0x080086cb   Thumb Code     6  stm32f10x_tim.o(.text)
    TIM_GetPrescaler                         0x080086d1   Thumb Code     6  stm32f10x_tim.o(.text)
    TIM_GetFlagStatus                        0x080086d7   Thumb Code    18  stm32f10x_tim.o(.text)
    TIM_ClearFlag                            0x080086e9   Thumb Code     6  stm32f10x_tim.o(.text)
    TIM_GetITStatus                          0x080086ef   Thumb Code    34  stm32f10x_tim.o(.text)
    TIM_ClearITPendingBit                    0x08008711   Thumb Code     6  stm32f10x_tim.o(.text)
    EXTI_DeInit                              0x08008719   Thumb Code    28  stm32f10x_exti.o(.text)
    EXTI_Init                                0x08008735   Thumb Code   142  stm32f10x_exti.o(.text)
    EXTI_StructInit                          0x080087c3   Thumb Code    16  stm32f10x_exti.o(.text)
    EXTI_GenerateSWInterrupt                 0x080087d3   Thumb Code    16  stm32f10x_exti.o(.text)
    EXTI_GetFlagStatus                       0x080087e3   Thumb Code    22  stm32f10x_exti.o(.text)
    EXTI_ClearFlag                           0x080087f9   Thumb Code     8  stm32f10x_exti.o(.text)
    EXTI_GetITStatus                         0x08008801   Thumb Code    34  stm32f10x_exti.o(.text)
    EXTI_ClearITPendingBit                   0x08008823   Thumb Code     8  stm32f10x_exti.o(.text)
    ADC_DeInit                               0x08008835   Thumb Code    78  stm32f10x_adc.o(.text)
    ADC_Init                                 0x08008883   Thumb Code    70  stm32f10x_adc.o(.text)
    ADC_StructInit                           0x080088c9   Thumb Code    18  stm32f10x_adc.o(.text)
    ADC_Cmd                                  0x080088db   Thumb Code    22  stm32f10x_adc.o(.text)
    ADC_DMACmd                               0x080088f1   Thumb Code    22  stm32f10x_adc.o(.text)
    ADC_ITConfig                             0x08008907   Thumb Code    24  stm32f10x_adc.o(.text)
    ADC_ResetCalibration                     0x0800891f   Thumb Code    10  stm32f10x_adc.o(.text)
    ADC_GetResetCalibrationStatus            0x08008929   Thumb Code    20  stm32f10x_adc.o(.text)
    ADC_StartCalibration                     0x0800893d   Thumb Code    10  stm32f10x_adc.o(.text)
    ADC_GetCalibrationStatus                 0x08008947   Thumb Code    20  stm32f10x_adc.o(.text)
    ADC_SoftwareStartConvCmd                 0x0800895b   Thumb Code    22  stm32f10x_adc.o(.text)
    ADC_GetSoftwareStartConvStatus           0x08008971   Thumb Code    20  stm32f10x_adc.o(.text)
    ADC_DiscModeChannelCountConfig           0x08008985   Thumb Code    24  stm32f10x_adc.o(.text)
    ADC_DiscModeCmd                          0x0800899d   Thumb Code    22  stm32f10x_adc.o(.text)
    ADC_RegularChannelConfig                 0x080089b3   Thumb Code   184  stm32f10x_adc.o(.text)
    ADC_ExternalTrigConvCmd                  0x08008a6b   Thumb Code    22  stm32f10x_adc.o(.text)
    ADC_GetConversionValue                   0x08008a81   Thumb Code     8  stm32f10x_adc.o(.text)
    ADC_GetDualModeConversionValue           0x08008a89   Thumb Code     8  stm32f10x_adc.o(.text)
    ADC_AutoInjectedConvCmd                  0x08008a91   Thumb Code    22  stm32f10x_adc.o(.text)
    ADC_InjectedDiscModeCmd                  0x08008aa7   Thumb Code    22  stm32f10x_adc.o(.text)
    ADC_ExternalTrigInjectedConvConfig       0x08008abd   Thumb Code    16  stm32f10x_adc.o(.text)
    ADC_ExternalTrigInjectedConvCmd          0x08008acd   Thumb Code    22  stm32f10x_adc.o(.text)
    ADC_SoftwareStartInjectedConvCmd         0x08008ae3   Thumb Code    22  stm32f10x_adc.o(.text)
    ADC_GetSoftwareStartInjectedConvCmdStatus 0x08008af9   Thumb Code    20  stm32f10x_adc.o(.text)
    ADC_InjectedChannelConfig                0x08008b0d   Thumb Code   130  stm32f10x_adc.o(.text)
    ADC_InjectedSequencerLengthConfig        0x08008b8f   Thumb Code    24  stm32f10x_adc.o(.text)
    ADC_SetInjectedOffset                    0x08008ba7   Thumb Code    20  stm32f10x_adc.o(.text)
    ADC_GetInjectedConversionValue           0x08008bbb   Thumb Code    28  stm32f10x_adc.o(.text)
    ADC_AnalogWatchdogCmd                    0x08008bd7   Thumb Code    16  stm32f10x_adc.o(.text)
    ADC_AnalogWatchdogThresholdsConfig       0x08008be7   Thumb Code     6  stm32f10x_adc.o(.text)
    ADC_AnalogWatchdogSingleChannelConfig    0x08008bed   Thumb Code    16  stm32f10x_adc.o(.text)
    ADC_TempSensorVrefintCmd                 0x08008bfd   Thumb Code    64  stm32f10x_adc.o(.text)
    ADC_GetFlagStatus                        0x08008c3d   Thumb Code    18  stm32f10x_adc.o(.text)
    ADC_ClearFlag                            0x08008c4f   Thumb Code     6  stm32f10x_adc.o(.text)
    ADC_GetITStatus                          0x08008c55   Thumb Code    36  stm32f10x_adc.o(.text)
    ADC_ClearITPendingBit                    0x08008c79   Thumb Code    10  stm32f10x_adc.o(.text)
    __use_no_semihosting                     0x08008c83   Thumb Code     2  use_no_semi_2.o(.text)
    __2printf                                0x08008c85   Thumb Code    20  noretval__2printf.o(.text)
    __printf                                 0x08008c9d   Thumb Code   104  __printf.o(.text)
    _printf_int_dec                          0x08008d05   Thumb Code   104  _printf_dec.o(.text)
    __use_two_region_memory                  0x08008d7d   Thumb Code     2  heapauxi.o(.text)
    __rt_heap_escrow$2region                 0x08008d7f   Thumb Code     2  heapauxi.o(.text)
    __rt_heap_expand$2region                 0x08008d81   Thumb Code     2  heapauxi.o(.text)
    __I$use$semihosting                      0x08008d83   Thumb Code     0  use_no_semi.o(.text)
    __use_no_semihosting_swi                 0x08008d83   Thumb Code     2  use_no_semi.o(.text)
    _printf_int_common                       0x08008d85   Thumb Code   178  _printf_intcommon.o(.text)
    _printf_char_file                        0x08008e39   Thumb Code    32  _printf_char_file.o(.text)
    _printf_char_common                      0x08008e67   Thumb Code    32  _printf_char_common.o(.text)
    ferror                                   0x08008e8d   Thumb Code     8  ferror.o(.text)
    __user_setup_stackheap                   0x08008e95   Thumb Code    74  sys_stackheap_outer.o(.text)
    exit                                     0x08008edf   Thumb Code    12  exit.o(.text)
    __user_libspace                          0x08008eed   Thumb Code     8  libspace.o(.text)
    __user_perproc_libspace                  0x08008eed   Thumb Code     0  libspace.o(.text)
    __user_perthread_libspace                0x08008eed   Thumb Code     0  libspace.o(.text)
    __aeabi_dadd                             0x08008ef5   Thumb Code     0  daddsub_clz.o(x$fpl$dadd)
    _dadd                                    0x08008ef5   Thumb Code   332  daddsub_clz.o(x$fpl$dadd)
    __aeabi_ddiv                             0x08009045   Thumb Code     0  ddiv.o(x$fpl$ddiv)
    _ddiv                                    0x08009045   Thumb Code   552  ddiv.o(x$fpl$ddiv)
    __aeabi_d2iz                             0x080092f5   Thumb Code     0  dfix.o(x$fpl$dfix)
    _dfix                                    0x080092f5   Thumb Code    94  dfix.o(x$fpl$dfix)
    __aeabi_d2uiz                            0x08009355   Thumb Code     0  dfixu.o(x$fpl$dfixu)
    _dfixu                                   0x08009355   Thumb Code    90  dfixu.o(x$fpl$dfixu)
    __aeabi_ui2d                             0x080093af   Thumb Code     0  dflt_clz.o(x$fpl$dfltu)
    _dfltu                                   0x080093af   Thumb Code    38  dflt_clz.o(x$fpl$dfltu)
    __aeabi_dmul                             0x080093d5   Thumb Code     0  dmul.o(x$fpl$dmul)
    _dmul                                    0x080093d5   Thumb Code   332  dmul.o(x$fpl$dmul)
    __fpl_dnaninf                            0x08009529   Thumb Code   156  dnaninf.o(x$fpl$dnaninf)
    __fpl_dretinf                            0x080095c5   Thumb Code    12  dretinf.o(x$fpl$dretinf)
    __aeabi_dsub                             0x080095d1   Thumb Code     0  daddsub_clz.o(x$fpl$dsub)
    _dsub                                    0x080095d1   Thumb Code   464  daddsub_clz.o(x$fpl$dsub)
    __aeabi_f2d                              0x080097a5   Thumb Code     0  f2d.o(x$fpl$f2d)
    _f2d                                     0x080097a5   Thumb Code    86  f2d.o(x$fpl$f2d)
    __aeabi_ui2f                             0x080097fd   Thumb Code     0  fflt_clz.o(x$fpl$ffltu)
    _ffltu                                   0x080097fd   Thumb Code    38  fflt_clz.o(x$fpl$ffltu)
    __fpl_fnaninf                            0x08009823   Thumb Code   140  fnaninf.o(x$fpl$fnaninf)
    __I$use$fp                               0x080098ae   Number         0  usenofp.o(x$fpl$usenofp)
    asc2_1206                                0x080098ae   Data        1140  lcd.o(.constdata)
    asc2_1608                                0x08009d22   Data        1520  lcd.o(.constdata)
    asc2_2412                                0x0800a312   Data        3420  lcd.o(.constdata)
    table_week                               0x0800b06e   Data          12  rtc.o(.constdata)
    mon_table                                0x0800b07a   Data          12  rtc.o(.constdata)
    Region$$Table$$Base                      0x0800b088   Number         0  anon$$obj.o(Region$$Table)
    Region$$Table$$Limit                     0x0800b0a8   Number         0  anon$$obj.o(Region$$Table)
    FLAG_HCSR501                             0x20000000   Data           1  main.o(.data)
    FLAG_SUNRES                              0x20000001   Data           1  main.o(.data)
    FLAG_H                                   0x20000002   Data           1  main.o(.data)
    number                                   0x20000004   Data           4  main.o(.data)
    temp                                     0x20000008   Data           2  main.o(.data)
    temper                                   0x2000000a   Data           2  main.o(.data)
    Flag                                     0x2000000c   Data           4  main.o(.data)
    FlagSun_LED                              0x20000010   Data           1  main.o(.data)
    Flag_timer                               0x20000011   Data           1  main.o(.data)
    FLAG_SUN                                 0x20000012   Data           1  main.o(.data)
    FLAG_LED                                 0x20000013   Data           1  main.o(.data)
    FLAG_MQ                                  0x20000014   Data           1  main.o(.data)
    SystemCoreClock                          0x20000018   Data           4  system_stm32f10x.o(.data)
    AHBPrescTable                            0x2000001c   Data          16  system_stm32f10x.o(.data)
    POINT_COLOR                              0x2000002e   Data           2  lcd.o(.data)
    BACK_COLOR                               0x20000030   Data           2  lcd.o(.data)
    FLAG_1                                   0x20000034   Data           1  exti.o(.data)
    FLAG_2                                   0x20000035   Data           1  exti.o(.data)
    __stdout                                 0x2000003c   Data           4  usart.o(.data)
    USART_RX_STA                             0x20000040   Data           2  usart.o(.data)
    lcddev                                   0x20000058   Data          14  lcd.o(.bss)
    calendar                                 0x20000066   Data          10  rtc.o(.bss)
    USART_RX_BUF                             0x20000070   Data         200  usart.o(.bss)
    __libspace_start                         0x20000138   Data          96  libspace.o(.bss)
    __temporary_stack_top$libspace           0x20000198   Data           0  libspace.o(.bss)



==============================================================================

Memory Map of the image

  Image Entry point : 0x08000131

  Load Region LR_IROM1 (Base: 0x08000000, Size: 0x0000b100, Max: 0x00080000, ABSOLUTE)

    Execution Region ER_IROM1 (Base: 0x08000000, Size: 0x0000b0a8, Max: 0x00080000, ABSOLUTE)

    Base Addr    Size         Type   Attr      Idx    E Section Name        Object

    0x08000000   0x00000130   Data   RO          417    RESET               startup_stm32f10x_hd.o
    0x08000130   0x00000008   Code   RO          592  * !!!main             c_w.l(__main.o)
    0x08000138   0x00000034   Code   RO          800    !!!scatter          c_w.l(__scatter.o)
    0x0800016c   0x0000001a   Code   RO          802    !!handler_copy      c_w.l(__scatter_copy.o)
    0x08000186   0x00000002   PAD
    0x08000188   0x0000001c   Code   RO          804    !!handler_zi        c_w.l(__scatter_zi.o)
    0x080001a4   0x00000000   Code   RO          589    .ARM.Collect$$_printf_percent$$00000000  c_w.l(_printf_percent.o)
    0x080001a4   0x00000006   Code   RO          588    .ARM.Collect$$_printf_percent$$00000009  c_w.l(_printf_d.o)
    0x080001aa   0x00000004   Code   RO          635    .ARM.Collect$$_printf_percent$$00000017  c_w.l(_printf_percent_end.o)
    0x080001ae   0x00000002   Code   RO          675    .ARM.Collect$$libinit$$00000000  c_w.l(libinit.o)
    0x080001b0   0x00000000   Code   RO          682    .ARM.Collect$$libinit$$00000002  c_w.l(libinit2.o)
    0x080001b0   0x00000000   Code   RO          684    .ARM.Collect$$libinit$$00000004  c_w.l(libinit2.o)
    0x080001b0   0x00000000   Code   RO          687    .ARM.Collect$$libinit$$0000000A  c_w.l(libinit2.o)
    0x080001b0   0x00000000   Code   RO          689    .ARM.Collect$$libinit$$0000000C  c_w.l(libinit2.o)
    0x080001b0   0x00000000   Code   RO          691    .ARM.Collect$$libinit$$0000000E  c_w.l(libinit2.o)
    0x080001b0   0x00000000   Code   RO          694    .ARM.Collect$$libinit$$00000011  c_w.l(libinit2.o)
    0x080001b0   0x00000000   Code   RO          696    .ARM.Collect$$libinit$$00000013  c_w.l(libinit2.o)
    0x080001b0   0x00000000   Code   RO          698    .ARM.Collect$$libinit$$00000015  c_w.l(libinit2.o)
    0x080001b0   0x00000000   Code   RO          700    .ARM.Collect$$libinit$$00000017  c_w.l(libinit2.o)
    0x080001b0   0x00000000   Code   RO          702    .ARM.Collect$$libinit$$00000019  c_w.l(libinit2.o)
    0x080001b0   0x00000000   Code   RO          704    .ARM.Collect$$libinit$$0000001B  c_w.l(libinit2.o)
    0x080001b0   0x00000000   Code   RO          706    .ARM.Collect$$libinit$$0000001D  c_w.l(libinit2.o)
    0x080001b0   0x00000000   Code   RO          708    .ARM.Collect$$libinit$$0000001F  c_w.l(libinit2.o)
    0x080001b0   0x00000000   Code   RO          710    .ARM.Collect$$libinit$$00000021  c_w.l(libinit2.o)
    0x080001b0   0x00000000   Code   RO          712    .ARM.Collect$$libinit$$00000023  c_w.l(libinit2.o)
    0x080001b0   0x00000000   Code   RO          714    .ARM.Collect$$libinit$$00000025  c_w.l(libinit2.o)
    0x080001b0   0x00000000   Code   RO          718    .ARM.Collect$$libinit$$0000002C  c_w.l(libinit2.o)
    0x080001b0   0x00000000   Code   RO          720    .ARM.Collect$$libinit$$0000002E  c_w.l(libinit2.o)
    0x080001b0   0x00000000   Code   RO          722    .ARM.Collect$$libinit$$00000030  c_w.l(libinit2.o)
    0x080001b0   0x00000000   Code   RO          724    .ARM.Collect$$libinit$$00000032  c_w.l(libinit2.o)
    0x080001b0   0x00000002   Code   RO          725    .ARM.Collect$$libinit$$00000033  c_w.l(libinit2.o)
    0x080001b2   0x00000002   Code   RO          743    .ARM.Collect$$libshutdown$$00000000  c_w.l(libshutdown.o)
    0x080001b4   0x00000000   Code   RO          754    .ARM.Collect$$libshutdown$$00000003  c_w.l(libshutdown2.o)
    0x080001b4   0x00000000   Code   RO          757    .ARM.Collect$$libshutdown$$00000006  c_w.l(libshutdown2.o)
    0x080001b4   0x00000000   Code   RO          760    .ARM.Collect$$libshutdown$$00000009  c_w.l(libshutdown2.o)
    0x080001b4   0x00000000   Code   RO          762    .ARM.Collect$$libshutdown$$0000000B  c_w.l(libshutdown2.o)
    0x080001b4   0x00000000   Code   RO          765    .ARM.Collect$$libshutdown$$0000000E  c_w.l(libshutdown2.o)
    0x080001b4   0x00000002   Code   RO          766    .ARM.Collect$$libshutdown$$0000000F  c_w.l(libshutdown2.o)
    0x080001b6   0x00000000   Code   RO          630    .ARM.Collect$$rtentry$$00000000  c_w.l(__rtentry.o)
    0x080001b6   0x00000000   Code   RO          644    .ARM.Collect$$rtentry$$00000002  c_w.l(__rtentry2.o)
    0x080001b6   0x00000006   Code   RO          656    .ARM.Collect$$rtentry$$00000004  c_w.l(__rtentry4.o)
    0x080001bc   0x00000000   Code   RO          646    .ARM.Collect$$rtentry$$00000009  c_w.l(__rtentry2.o)
    0x080001bc   0x00000004   Code   RO          647    .ARM.Collect$$rtentry$$0000000A  c_w.l(__rtentry2.o)
    0x080001c0   0x00000000   Code   RO          649    .ARM.Collect$$rtentry$$0000000C  c_w.l(__rtentry2.o)
    0x080001c0   0x00000008   Code   RO          650    .ARM.Collect$$rtentry$$0000000D  c_w.l(__rtentry2.o)
    0x080001c8   0x00000002   Code   RO          679    .ARM.Collect$$rtexit$$00000000  c_w.l(rtexit.o)
    0x080001ca   0x00000000   Code   RO          727    .ARM.Collect$$rtexit$$00000002  c_w.l(rtexit2.o)
    0x080001ca   0x00000004   Code   RO          728    .ARM.Collect$$rtexit$$00000003  c_w.l(rtexit2.o)
    0x080001ce   0x00000006   Code   RO          729    .ARM.Collect$$rtexit$$00000004  c_w.l(rtexit2.o)
    0x080001d4   0x00000780   Code   RO            1    .text               main.o
    0x08000954   0x0000001a   Code   RO          145    .text               stm32f10x_it.o
    0x0800096e   0x00000002   PAD
    0x08000970   0x000001e0   Code   RO          186    .text               system_stm32f10x.o
    0x08000b50   0x00000184   Code   RO          204    .text               led.o
    0x08000cd4   0x000000fc   Code   RO          216    .text               key.o
    0x08000dd0   0x00004a40   Code   RO          229    .text               lcd.o
    0x08005810   0x00000478   Code   RO          259    .text               rtc.o
    0x08005c88   0x00000128   Code   RO          279    .text               exti.o
    0x08005db0   0x000002a8   Code   RO          295    .text               timer.o
    0x08006058   0x00000188   Code   RO          324    .text               tsensor.o
    0x080061e0   0x000000d4   Code   RO          351    .text               delay.o
    0x080062b4   0x00000140   Code   RO          382    .text               usart.o
    0x080063f4   0x00000040   Code   RO          418    .text               startup_stm32f10x_hd.o
    0x08006434   0x000000dc   Code   RO          422    .text               misc.o
    0x08006510   0x000000c4   Code   RO          434    .text               stm32f10x_bkp.o
    0x080065d4   0x0000060c   Code   RO          446    .text               stm32f10x_fsmc.o
    0x08006be0   0x0000035c   Code   RO          458    .text               stm32f10x_gpio.o
    0x08006f3c   0x000000cc   Code   RO          470    .text               stm32f10x_pwr.o
    0x08007008   0x000003a4   Code   RO          482    .text               stm32f10x_rcc.o
    0x080073ac   0x00000408   Code   RO          496    .text               stm32f10x_usart.o
    0x080077b4   0x00000148   Code   RO          508    .text               stm32f10x_rtc.o
    0x080078fc   0x00000e1a   Code   RO          520    .text               stm32f10x_tim.o
    0x08008716   0x00000002   PAD
    0x08008718   0x0000011c   Code   RO          532    .text               stm32f10x_exti.o
    0x08008834   0x0000044e   Code   RO          544    .text               stm32f10x_adc.o
    0x08008c82   0x00000002   Code   RO          558    .text               c_w.l(use_no_semi_2.o)
    0x08008c84   0x00000018   Code   RO          562    .text               c_w.l(noretval__2printf.o)
    0x08008c9c   0x00000068   Code   RO          564    .text               c_w.l(__printf.o)
    0x08008d04   0x00000078   Code   RO          566    .text               c_w.l(_printf_dec.o)
    0x08008d7c   0x00000006   Code   RO          590    .text               c_w.l(heapauxi.o)
    0x08008d82   0x00000002   Code   RO          628    .text               c_w.l(use_no_semi.o)
    0x08008d84   0x000000b2   Code   RO          631    .text               c_w.l(_printf_intcommon.o)
    0x08008e36   0x00000002   PAD
    0x08008e38   0x00000024   Code   RO          633    .text               c_w.l(_printf_char_file.o)
    0x08008e5c   0x00000030   Code   RO          658    .text               c_w.l(_printf_char_common.o)
    0x08008e8c   0x00000008   Code   RO          660    .text               c_w.l(ferror.o)
    0x08008e94   0x0000004a   Code   RO          664    .text               c_w.l(sys_stackheap_outer.o)
    0x08008ede   0x0000000c   Code   RO          668    .text               c_w.l(exit.o)
    0x08008eea   0x00000002   PAD
    0x08008eec   0x00000008   Code   RO          676    .text               c_w.l(libspace.o)
    0x08008ef4   0x00000150   Code   RO          594    x$fpl$dadd          fz_ws.l(daddsub_clz.o)
    0x08009044   0x000002b0   Code   RO          601    x$fpl$ddiv          fz_ws.l(ddiv.o)
    0x080092f4   0x0000005e   Code   RO          604    x$fpl$dfix          fz_ws.l(dfix.o)
    0x08009352   0x00000002   PAD
    0x08009354   0x0000005a   Code   RO          608    x$fpl$dfixu         fz_ws.l(dfixu.o)
    0x080093ae   0x00000026   Code   RO          612    x$fpl$dfltu         fz_ws.l(dflt_clz.o)
    0x080093d4   0x00000154   Code   RO          618    x$fpl$dmul          fz_ws.l(dmul.o)
    0x08009528   0x0000009c   Code   RO          636    x$fpl$dnaninf       fz_ws.l(dnaninf.o)
    0x080095c4   0x0000000c   Code   RO          638    x$fpl$dretinf       fz_ws.l(dretinf.o)
    0x080095d0   0x000001d4   Code   RO          596    x$fpl$dsub          fz_ws.l(daddsub_clz.o)
    0x080097a4   0x00000056   Code   RO          620    x$fpl$f2d           fz_ws.l(f2d.o)
    0x080097fa   0x00000002   PAD
    0x080097fc   0x00000026   Code   RO          622    x$fpl$ffltu         fz_ws.l(fflt_clz.o)
    0x08009822   0x0000008c   Code   RO          640    x$fpl$fnaninf       fz_ws.l(fnaninf.o)
    0x080098ae   0x00000000   Code   RO          642    x$fpl$usenofp       fz_ws.l(usenofp.o)
    0x080098ae   0x000017c0   Data   RO          231    .constdata          lcd.o
    0x0800b06e   0x00000018   Data   RO          261    .constdata          rtc.o
    0x0800b086   0x00000002   PAD
    0x0800b088   0x00000020   Data   RO          798    Region$$Table       anon$$obj.o


    Execution Region RW_IRAM1 (Base: 0x20000000, Size: 0x00000798, Max: 0x00010000, ABSOLUTE)

    Base Addr    Size         Type   Attr      Idx    E Section Name        Object

    0x20000000   0x00000015   Data   RW            2    .data               main.o
    0x20000015   0x00000003   PAD
    0x20000018   0x00000014   Data   RW          187    .data               system_stm32f10x.o
    0x2000002c   0x00000001   Data   RW          217    .data               key.o
    0x2000002d   0x00000001   PAD
    0x2000002e   0x00000004   Data   RW          232    .data               lcd.o
    0x20000032   0x00000002   Data   RW          262    .data               rtc.o
    0x20000034   0x00000002   Data   RW          280    .data               exti.o
    0x20000036   0x00000001   Data   RW          296    .data               timer.o
    0x20000037   0x00000001   PAD
    0x20000038   0x00000004   Data   RW          352    .data               delay.o
    0x2000003c   0x00000006   Data   RW          384    .data               usart.o
    0x20000042   0x00000014   Data   RW          483    .data               stm32f10x_rcc.o
    0x20000056   0x00000002   PAD
    0x20000058   0x0000000e   Zero   RW          230    .bss                lcd.o
    0x20000066   0x0000000a   Zero   RW          260    .bss                rtc.o
    0x20000070   0x000000c8   Zero   RW          383    .bss                usart.o
    0x20000138   0x00000060   Zero   RW          677    .bss                c_w.l(libspace.o)
    0x20000198   0x00000200   Zero   RW          416    HEAP                startup_stm32f10x_hd.o
    0x20000398   0x00000400   Zero   RW          415    STACK               startup_stm32f10x_hd.o


==============================================================================

Image component sizes


      Code (inc. data)   RO Data    RW Data    ZI Data      Debug   Object Name

       212         18          0          4          0       1219   delay.o
       296         14          0          2          0       1749   exti.o
       252         12          0          1          0        928   key.o
     19008        144       6080          4         14      22134   lcd.o
       388         20          0          0          0       1194   led.o
      1920        416          0         21          0     275604   main.o
       220         22          0          0          0       1997   misc.o
      1144         62         24          2         10       4638   rtc.o
        64         26        304          0       1536        864   startup_stm32f10x_hd.o
      1102         26          0          0          0      11033   stm32f10x_adc.o
       196          8          0          0          0       3660   stm32f10x_bkp.o
       284         10          0          0          0       2431   stm32f10x_exti.o
      1548         18          0          0          0       5543   stm32f10x_fsmc.o
       860         38          0          0          0       5841   stm32f10x_gpio.o
        26          0          0          0          0       1278   stm32f10x_it.o
       204         14          0          0          0       2015   stm32f10x_pwr.o
       932         36          0         20          0       9112   stm32f10x_rcc.o
       328          4          0          0          0       2766   stm32f10x_rtc.o
      3610         88          0          0          0      22328   stm32f10x_tim.o
      1032         22          0          0          0       8568   stm32f10x_usart.o
         0          0          0          0          0         32   sys.o
       480         38          0         20          0       2031   system_stm32f10x.o
       680         54          0          1          0       2286   timer.o
       392         34          0          0          0       1593   tsensor.o
       320         16          0          6        200       3446   usart.o

    ----------------------------------------------------------------------
     35502       1140       6442         88       1760     394290   Object Totals
         0          0         32          0          0          0   (incl. Generated)
         4          0          2          7          0          0   (incl. Padding)

    ----------------------------------------------------------------------

      Code (inc. data)   RO Data    RW Data    ZI Data      Debug   Library Member Name

         8          0          0          0          0         68   __main.o
       104          0          0          0          0         84   __printf.o
         0          0          0          0          0          0   __rtentry.o
        12          0          0          0          0          0   __rtentry2.o
         6          0          0          0          0          0   __rtentry4.o
        52          8          0          0          0          0   __scatter.o
        26          0          0          0          0          0   __scatter_copy.o
        28          0          0          0          0          0   __scatter_zi.o
        48          6          0          0          0         96   _printf_char_common.o
        36          4          0          0          0         80   _printf_char_file.o
         6          0          0          0          0          0   _printf_d.o
       120         16          0          0          0         92   _printf_dec.o
       178          0          0          0          0         88   _printf_intcommon.o
         0          0          0          0          0          0   _printf_percent.o
         4          0          0          0          0          0   _printf_percent_end.o
        12          0          0          0          0         72   exit.o
         8          0          0          0          0         68   ferror.o
         6          0          0          0          0        152   heapauxi.o
         2          0          0          0          0          0   libinit.o
         2          0          0          0          0          0   libinit2.o
         2          0          0          0          0          0   libshutdown.o
         2          0          0          0          0          0   libshutdown2.o
         8          4          0          0         96         68   libspace.o
        24          4          0          0          0         84   noretval__2printf.o
         2          0          0          0          0          0   rtexit.o
        10          0          0          0          0          0   rtexit2.o
        74          0          0          0          0         80   sys_stackheap_outer.o
         2          0          0          0          0         68   use_no_semi.o
         2          0          0          0          0         68   use_no_semi_2.o
       804         16          0          0          0        272   daddsub_clz.o
       688        140          0          0          0        208   ddiv.o
        94          4          0          0          0         92   dfix.o
        90          4          0          0          0         92   dfixu.o
        38          0          0          0          0         68   dflt_clz.o
       340         12          0          0          0        104   dmul.o
       156          4          0          0          0         92   dnaninf.o
        12          0          0          0          0         68   dretinf.o
        86          4          0          0          0         84   f2d.o
        38          0          0          0          0         68   fflt_clz.o
       140          4          0          0          0         84   fnaninf.o
         0          0          0          0          0          0   usenofp.o

    ----------------------------------------------------------------------
      3280        230          0          0         96       2400   Library Totals
        10          0          0          0          0          0   (incl. Padding)

    ----------------------------------------------------------------------

      Code (inc. data)   RO Data    RW Data    ZI Data      Debug   Library Name

       784         42          0          0         96       1168   c_w.l
      2486        188          0          0          0       1232   fz_ws.l

    ----------------------------------------------------------------------
      3280        230          0          0         96       2400   Library Totals

    ----------------------------------------------------------------------

==============================================================================


      Code (inc. data)   RO Data    RW Data    ZI Data      Debug   

     38782       1370       6442         88       1856     393098   Grand Totals
     38782       1370       6442         88       1856     393098   ELF Image Totals
     38782       1370       6442         88          0          0   ROM Totals

==============================================================================

    Total RO  Size (Code + RO Data)                45224 (  44.16kB)
    Total RW  Size (RW Data + ZI Data)              1944 (   1.90kB)
    Total ROM Size (Code + RO Data + RW Data)      45312 (  44.25kB)

==============================================================================

